Archive member included to satisfy reference by file (symbol)

c:/st/stm32cubeide_1.4.0/stm32cubeide/plugins/com.st.stm32cube.ide.mcu.externaltools.gnu-tools-for-stm32.9-2020-q2-update.win32_1.5.0.202011040924/tools/bin/../lib/gcc/arm-none-eabi/9.3.1/../../../../arm-none-eabi/lib/thumb/v7e-m+fp/hard\libc_nano.a(lib_a-errno.o)
                              Core/Src/syscalls.o (__errno)
c:/st/stm32cubeide_1.4.0/stm32cubeide/plugins/com.st.stm32cube.ide.mcu.externaltools.gnu-tools-for-stm32.9-2020-q2-update.win32_1.5.0.202011040924/tools/bin/../lib/gcc/arm-none-eabi/9.3.1/../../../../arm-none-eabi/lib/thumb/v7e-m+fp/hard\libc_nano.a(lib_a-exit.o)
                              c:/st/stm32cubeide_1.4.0/stm32cubeide/plugins/com.st.stm32cube.ide.mcu.externaltools.gnu-tools-for-stm32.9-2020-q2-update.win32_1.5.0.202011040924/tools/bin/../lib/gcc/arm-none-eabi/9.3.1/../../../../arm-none-eabi/lib/thumb/v7e-m+fp/hard/crt0.o (exit)
c:/st/stm32cubeide_1.4.0/stm32cubeide/plugins/com.st.stm32cube.ide.mcu.externaltools.gnu-tools-for-stm32.9-2020-q2-update.win32_1.5.0.202011040924/tools/bin/../lib/gcc/arm-none-eabi/9.3.1/../../../../arm-none-eabi/lib/thumb/v7e-m+fp/hard\libc_nano.a(lib_a-impure.o)
                              c:/st/stm32cubeide_1.4.0/stm32cubeide/plugins/com.st.stm32cube.ide.mcu.externaltools.gnu-tools-for-stm32.9-2020-q2-update.win32_1.5.0.202011040924/tools/bin/../lib/gcc/arm-none-eabi/9.3.1/../../../../arm-none-eabi/lib/thumb/v7e-m+fp/hard\libc_nano.a(lib_a-exit.o) (_global_impure_ptr)
c:/st/stm32cubeide_1.4.0/stm32cubeide/plugins/com.st.stm32cube.ide.mcu.externaltools.gnu-tools-for-stm32.9-2020-q2-update.win32_1.5.0.202011040924/tools/bin/../lib/gcc/arm-none-eabi/9.3.1/../../../../arm-none-eabi/lib/thumb/v7e-m+fp/hard\libc_nano.a(lib_a-init.o)
                              c:/st/stm32cubeide_1.4.0/stm32cubeide/plugins/com.st.stm32cube.ide.mcu.externaltools.gnu-tools-for-stm32.9-2020-q2-update.win32_1.5.0.202011040924/tools/bin/../lib/gcc/arm-none-eabi/9.3.1/../../../../arm-none-eabi/lib/thumb/v7e-m+fp/hard/crt0.o (__libc_init_array)
c:/st/stm32cubeide_1.4.0/stm32cubeide/plugins/com.st.stm32cube.ide.mcu.externaltools.gnu-tools-for-stm32.9-2020-q2-update.win32_1.5.0.202011040924/tools/bin/../lib/gcc/arm-none-eabi/9.3.1/../../../../arm-none-eabi/lib/thumb/v7e-m+fp/hard\libc_nano.a(lib_a-memcpy-stub.o)
                              Core/Src/flash.o (memcpy)
c:/st/stm32cubeide_1.4.0/stm32cubeide/plugins/com.st.stm32cube.ide.mcu.externaltools.gnu-tools-for-stm32.9-2020-q2-update.win32_1.5.0.202011040924/tools/bin/../lib/gcc/arm-none-eabi/9.3.1/../../../../arm-none-eabi/lib/thumb/v7e-m+fp/hard\libc_nano.a(lib_a-memset.o)
                              c:/st/stm32cubeide_1.4.0/stm32cubeide/plugins/com.st.stm32cube.ide.mcu.externaltools.gnu-tools-for-stm32.9-2020-q2-update.win32_1.5.0.202011040924/tools/bin/../lib/gcc/arm-none-eabi/9.3.1/../../../../arm-none-eabi/lib/thumb/v7e-m+fp/hard/crt0.o (memset)
c:/st/stm32cubeide_1.4.0/stm32cubeide/plugins/com.st.stm32cube.ide.mcu.externaltools.gnu-tools-for-stm32.9-2020-q2-update.win32_1.5.0.202011040924/tools/bin/../lib/gcc/arm-none-eabi/9.3.1/../../../../arm-none-eabi/lib/thumb/v7e-m+fp/hard\libc_nano.a(lib_a-nano-vfprintf_float.o)
                              (_printf_float)
c:/st/stm32cubeide_1.4.0/stm32cubeide/plugins/com.st.stm32cube.ide.mcu.externaltools.gnu-tools-for-stm32.9-2020-q2-update.win32_1.5.0.202011040924/tools/bin/../lib/gcc/arm-none-eabi/9.3.1/../../../../arm-none-eabi/lib/thumb/v7e-m+fp/hard\libc_nano.a(lib_a-nano-vfprintf_i.o)
                              c:/st/stm32cubeide_1.4.0/stm32cubeide/plugins/com.st.stm32cube.ide.mcu.externaltools.gnu-tools-for-stm32.9-2020-q2-update.win32_1.5.0.202011040924/tools/bin/../lib/gcc/arm-none-eabi/9.3.1/../../../../arm-none-eabi/lib/thumb/v7e-m+fp/hard\libc_nano.a(lib_a-nano-vfprintf_float.o) (_printf_common)
c:/st/stm32cubeide_1.4.0/stm32cubeide/plugins/com.st.stm32cube.ide.mcu.externaltools.gnu-tools-for-stm32.9-2020-q2-update.win32_1.5.0.202011040924/tools/bin/../lib/gcc/arm-none-eabi/9.3.1/../../../../arm-none-eabi/lib/thumb/v7e-m+fp/hard\libc_nano.a(lib_a-sprintf.o)
                              Core/Src/terminal.o (sprintf)
c:/st/stm32cubeide_1.4.0/stm32cubeide/plugins/com.st.stm32cube.ide.mcu.externaltools.gnu-tools-for-stm32.9-2020-q2-update.win32_1.5.0.202011040924/tools/bin/../lib/gcc/arm-none-eabi/9.3.1/../../../../arm-none-eabi/lib/thumb/v7e-m+fp/hard\libc_nano.a(lib_a-strcat.o)
                              Core/Src/main.o (strcat)
c:/st/stm32cubeide_1.4.0/stm32cubeide/plugins/com.st.stm32cube.ide.mcu.externaltools.gnu-tools-for-stm32.9-2020-q2-update.win32_1.5.0.202011040924/tools/bin/../lib/gcc/arm-none-eabi/9.3.1/../../../../arm-none-eabi/lib/thumb/v7e-m+fp/hard\libc_nano.a(lib_a-strchr.o)
                              Core/Src/main.o (strchr)
[...]
Memory Configuration

Name             Origin             Length             Attributes
CCMRAM           0x0000000010000000 0x0000000000002000 xrw
RAM              0x0000000020000000 0x0000000000008000 xrw
FLASH            0x0000000008000000 0x0000000000020000 xr
*default*        0x0000000000000000 0xffffffffffffffff

Linker script and memory map

LOAD c:/st/stm32cubeide_1.4.0/stm32cubeide/plugins/com.st.stm32cube.ide.mcu.externaltools.gnu-tools-for-stm32.9-2020-q2-update.win32_1.5.0.202011040924/tools/bin/../lib/gcc/arm-none-eabi/9.3.1/thumb/v7e-m+fp/hard/crti.o
LOAD c:/st/stm32cubeide_1.4.0/stm32cubeide/plugins/com.st.stm32cube.ide.mcu.externaltools.gnu-tools-for-stm32.9-2020-q2-update.win32_1.5.0.202011040924/tools/bin/../lib/gcc/arm-none-eabi/9.3.1/thumb/v7e-m+fp/hard/crtbegin.o
LOAD c:/st/stm32cubeide_1.4.0/stm32cubeide/plugins/com.st.stm32cube.ide.mcu.externaltools.gnu-tools-for-stm32.9-2020-q2-update.win32_1.5.0.202011040924/tools/bin/../lib/gcc/arm-none-eabi/9.3.1/../../../../arm-none-eabi/lib/thumb/v7e-m+fp/hard/crt0.o
LOAD Core/Src/flash.o
LOAD Core/Src/main.o
LOAD Core/Src/stm32f3xx_hal_msp.o
LOAD Core/Src/stm32f3xx_it.o
LOAD Core/Src/syscalls.o
LOAD Core/Src/sysmem.o
LOAD Core/Src/system_stm32f3xx.o
LOAD Core/Src/terminal.o
LOAD Core/Src/usb.o
LOAD Core/Src/utils.o
LOAD Core/Startup/startup_stm32f303cbtx.o
LOAD Drivers/STM32F3xx_HAL_Driver/Src/stm32f3xx_hal.o
LOAD Drivers/STM32F3xx_HAL_Driver/Src/stm32f3xx_hal_adc.o
LOAD Drivers/STM32F3xx_HAL_Driver/Src/stm32f3xx_hal_adc_ex.o
LOAD Drivers/STM32F3xx_HAL_Driver/Src/stm32f3xx_hal_cortex.o
LOAD Drivers/STM32F3xx_HAL_Driver/Src/stm32f3xx_hal_dma.o
LOAD Drivers/STM32F3xx_HAL_Driver/Src/stm32f3xx_hal_exti.o
LOAD Drivers/STM32F3xx_HAL_Driver/Src/stm32f3xx_hal_flash.o
LOAD Drivers/STM32F3xx_HAL_Driver/Src/stm32f3xx_hal_flash_ex.o
LOAD Drivers/STM32F3xx_HAL_Driver/Src/stm32f3xx_hal_gpio.o
LOAD Drivers/STM32F3xx_HAL_Driver/Src/stm32f3xx_hal_i2c.o
LOAD Drivers/STM32F3xx_HAL_Driver/Src/stm32f3xx_hal_i2c_ex.o
LOAD Drivers/STM32F3xx_HAL_Driver/Src/stm32f3xx_hal_pcd.o
LOAD Drivers/STM32F3xx_HAL_Driver/Src/stm32f3xx_hal_pcd_ex.o
LOAD Drivers/STM32F3xx_HAL_Driver/Src/stm32f3xx_hal_pwr.o
LOAD Drivers/STM32F3xx_HAL_Driver/Src/stm32f3xx_hal_pwr_ex.o
LOAD Drivers/STM32F3xx_HAL_Driver/Src/stm32f3xx_hal_rcc.o
LOAD Drivers/STM32F3xx_HAL_Driver/Src/stm32f3xx_hal_rcc_ex.o
LOAD Drivers/STM32F3xx_HAL_Driver/Src/stm32f3xx_hal_tim.o
LOAD Drivers/STM32F3xx_HAL_Driver/Src/stm32f3xx_hal_tim_ex.o
LOAD Drivers/STM32F3xx_HAL_Driver/Src/stm32f3xx_ll_usb.o
LOAD Middlewares/ST/STM32_USB_Device_Library/Class/CDC/Src/usbd_cdc.o
LOAD Middlewares/ST/STM32_USB_Device_Library/Core/Src/usbd_core.o
LOAD Middlewares/ST/STM32_USB_Device_Library/Core/Src/usbd_ctlreq.o
LOAD Middlewares/ST/STM32_USB_Device_Library/Core/Src/usbd_ioreq.o
LOAD USB_DEVICE/App/usb_device.o
LOAD USB_DEVICE/App/usbd_cdc_if.o
LOAD USB_DEVICE/App/usbd_desc.o
LOAD USB_DEVICE/Target/usbd_conf.o
START GROUP
LOAD c:/st/stm32cubeide_1.4.0/stm32cubeide/plugins/com.st.stm32cube.ide.mcu.externaltools.gnu-tools-for-stm32.9-2020-q2-update.win32_1.5.0.202011040924/tools/bin/../lib/gcc/arm-none-eabi/9.3.1/../../../../arm-none-eabi/lib/thumb/v7e-m+fp/hard\libc_nano.a
LOAD c:/st/stm32cubeide_1.4.0/stm32cubeide/plugins/com.st.stm32cube.ide.mcu.externaltools.gnu-tools-for-stm32.9-2020-q2-update.win32_1.5.0.202011040924/tools/bin/../lib/gcc/arm-none-eabi/9.3.1/../../../../arm-none-eabi/lib/thumb/v7e-m+fp/hard\libm.a
END GROUP
START GROUP
LOAD c:/st/stm32cubeide_1.4.0/stm32cubeide/plugins/com.st.stm32cube.ide.mcu.externaltools.gnu-tools-for-stm32.9-2020-q2-update.win32_1.5.0.202011040924/tools/bin/../lib/gcc/arm-none-eabi/9.3.1/thumb/v7e-m+fp/hard\libgcc.a
LOAD c:/st/stm32cubeide_1.4.0/stm32cubeide/plugins/com.st.stm32cube.ide.mcu.externaltools.gnu-tools-for-stm32.9-2020-q2-update.win32_1.5.0.202011040924/tools/bin/../lib/gcc/arm-none-eabi/9.3.1/../../../../arm-none-eabi/lib/thumb/v7e-m+fp/hard\libc_nano.a
END GROUP
START GROUP
LOAD c:/st/stm32cubeide_1.4.0/stm32cubeide/plugins/com.st.stm32cube.ide.mcu.externaltools.gnu-tools-for-stm32.9-2020-q2-update.win32_1.5.0.202011040924/tools/bin/../lib/gcc/arm-none-eabi/9.3.1/thumb/v7e-m+fp/hard\libgcc.a
LOAD c:/st/stm32cubeide_1.4.0/stm32cubeide/plugins/com.st.stm32cube.ide.mcu.externaltools.gnu-tools-for-stm32.9-2020-q2-update.win32_1.5.0.202011040924/tools/bin/../lib/gcc/arm-none-eabi/9.3.1/../../../../arm-none-eabi/lib/thumb/v7e-m+fp/hard\libc_nano.a
LOAD c:/st/stm32cubeide_1.4.0/stm32cubeide/plugins/com.st.stm32cube.ide.mcu.externaltools.gnu-tools-for-stm32.9-2020-q2-update.win32_1.5.0.202011040924/tools/bin/../lib/gcc/arm-none-eabi/9.3.1/../../../../arm-none-eabi/lib/thumb/v7e-m+fp/hard\libnosys.a
END GROUP
START GROUP
LOAD c:/st/stm32cubeide_1.4.0/stm32cubeide/plugins/com.st.stm32cube.ide.mcu.externaltools.gnu-tools-for-stm32.9-2020-q2-update.win32_1.5.0.202011040924/tools/bin/../lib/gcc/arm-none-eabi/9.3.1/thumb/v7e-m+fp/hard\libgcc.a
LOAD c:/st/stm32cubeide_1.4.0/stm32cubeide/plugins/com.st.stm32cube.ide.mcu.externaltools.gnu-tools-for-stm32.9-2020-q2-update.win32_1.5.0.202011040924/tools/bin/../lib/gcc/arm-none-eabi/9.3.1/../../../../arm-none-eabi/lib/thumb/v7e-m+fp/hard\libc_nano.a
LOAD c:/st/stm32cubeide_1.4.0/stm32cubeide/plugins/com.st.stm32cube.ide.mcu.externaltools.gnu-tools-for-stm32.9-2020-q2-update.win32_1.5.0.202011040924/tools/bin/../lib/gcc/arm-none-eabi/9.3.1/../../../../arm-none-eabi/lib/thumb/v7e-m+fp/hard\libnosys.a
END GROUP
LOAD c:/st/stm32cubeide_1.4.0/stm32cubeide/plugins/com.st.stm32cube.ide.mcu.externaltools.gnu-tools-for-stm32.9-2020-q2-update.win32_1.5.0.202011040924/tools/bin/../lib/gcc/arm-none-eabi/9.3.1/thumb/v7e-m+fp/hard/crtend.o
LOAD c:/st/stm32cubeide_1.4.0/stm32cubeide/plugins/com.st.stm32cube.ide.mcu.externaltools.gnu-tools-for-stm32.9-2020-q2-update.win32_1.5.0.202011040924/tools/bin/../lib/gcc/arm-none-eabi/9.3.1/thumb/v7e-m+fp/hard/crtn.o
                0x0000000020008000                _estack = (ORIGIN (RAM) + LENGTH (RAM))
                0x0000000000000200                _Min_Heap_Size = 0x200
                0x0000000000000400                _Min_Stack_Size = 0x400

.isr_vector     0x0000000008000000      0x188
                0x0000000008000000                . = ALIGN (0x4)
 *(.isr_vector)
 .isr_vector    0x0000000008000000      0x188 Core/Startup/startup_stm32f303cbtx.o
                0x0000000008000000                g_pfnVectors
                0x0000000008000188                . = ALIGN (0x4)

.text           0x0000000008000190     0xdbb0
                0x0000000008000190                . = ALIGN (0x4)
 *(.text)
 .text          0x0000000008000190       0x40 c:/st/stm32cubeide_1.4.0/stm32cubeide/plugins/com.st.stm32cube.ide.mcu.externaltools.gnu-tools-for-stm32.9-2020-q2-update.win32_1.5.0.202011040924/tools/bin/../lib/gcc/arm-none-eabi/9.3.1/thumb/v7e-m+fp/hard/crtbegin.o
 .text          0x00000000080001d0       0x10 c:/st/stm32cubeide_1.4.0/stm32cubeide/plugins/com.st.stm32cube.ide.mcu.externaltools.gnu-tools-for-stm32.9-2020-q2-update.win32_1.5.0.202011040924/tools/bin/../lib/gcc/arm-none-eabi/9.3.1/../../../../arm-none-eabi/lib/thumb/v7e-m+fp/hard\libc_nano.a(lib_a-strlen.o)
                0x00000000080001d0                strlen
 .text          0x00000000080001e0       0xa0 c:/st/stm32cubeide_1.4.0/stm32cubeide/plugins/com.st.stm32cube.ide.mcu.externaltools.gnu-tools-for-stm32.9-2020-q2-update.win32_1.5.0.202011040924/tools/bin/../lib/gcc/arm-none-eabi/9.3.1/../../../../arm-none-eabi/lib/thumb/v7e-m+fp/hard\libc_nano.a(lib_a-memchr.o)
                0x00000000080001e0                memchr
 .text          0x0000000008000280      0x378 c:/st/stm32cubeide_1.4.0/stm32cubeide/plugins/com.st.stm32cube.ide.mcu.externaltools.gnu-tools-for-stm32.9-2020-q2-update.win32_1.5.0.202011040924/tools/bin/../lib/gcc/arm-none-eabi/9.3.1/thumb/v7e-m+fp/hard\libgcc.a(_arm_addsubdf3.o)
                0x0000000008000280                __aeabi_drsub
                0x0000000008000288                __aeabi_dsub
                0x0000000008000288                __subdf3
                0x000000000800028c                __aeabi_dadd
                0x000000000800028c                __adddf3
                0x0000000008000504                __floatunsidf
                0x0000000008000504                __aeabi_ui2d
                0x0000000008000524                __floatsidf
                0x0000000008000524                __aeabi_i2d
                0x0000000008000548                __aeabi_f2d
                0x0000000008000548                __extendsfdf2
                0x000000000800058c                __floatundidf
                0x000000000800058c                __aeabi_ul2d
                0x000000000800059c                __floatdidf
                0x000000000800059c                __aeabi_l2d
 .text          0x00000000080005f8      0x424 c:/st/stm32cubeide_1.4.0/stm32cubeide/plugins/com.st.stm32cube.ide.mcu.externaltools.gnu-tools-for-stm32.9-2020-q2-update.win32_1.5.0.202011040924/tools/bin/../lib/gcc/arm-none-eabi/9.3.1/thumb/v7e-m+fp/hard\libgcc.a(_arm_muldivdf3.o)
                0x00000000080005f8                __aeabi_dmul
                0x00000000080005f8                __muldf3
                0x000000000800084c                __divdf3
                0x000000000800084c                __aeabi_ddiv
 .text          0x0000000008000a1c      0x110 c:/st/stm32cubeide_1.4.0/stm32cubeide/plugins/com.st.stm32cube.ide.mcu.externaltools.gnu-tools-for-stm32.9-2020-q2-update.win32_1.5.0.202011040924/tools/bin/../lib/gcc/arm-none-eabi/9.3.1/thumb/v7e-m+fp/hard\libgcc.a(_arm_cmpdf2.o)
                0x0000000008000a1c                __gtdf2
                0x0000000008000a1c                __gedf2
                0x0000000008000a24                __ltdf2
                0x0000000008000a24                __ledf2
                0x0000000008000a2c                __nedf2
                0x0000000008000a2c                __eqdf2
                0x0000000008000a2c                __cmpdf2
                0x0000000008000aa8                __aeabi_cdrcmple
                0x0000000008000ab8                __aeabi_cdcmpeq
                0x0000000008000ab8                __aeabi_cdcmple
                0x0000000008000ac8                __aeabi_dcmpeq
                0x0000000008000adc                __aeabi_dcmplt
                0x0000000008000af0                __aeabi_dcmple
                0x0000000008000b04                __aeabi_dcmpge
                0x0000000008000b18                __aeabi_dcmpgt
 .text          0x0000000008000b2c       0x2c c:/st/stm32cubeide_1.4.0/stm32cubeide/plugins/com.st.stm32cube.ide.mcu.externaltools.gnu-tools-for-stm32.9-2020-q2-update.win32_1.5.0.202011040924/tools/bin/../lib/gcc/arm-none-eabi/9.3.1/thumb/v7e-m+fp/hard\libgcc.a(_arm_unorddf2.o)
                0x0000000008000b2c                __unorddf2
                0x0000000008000b2c                __aeabi_dcmpun
 .text          0x0000000008000b58       0x50 c:/st/stm32cubeide_1.4.0/stm32cubeide/plugins/com.st.stm32cube.ide.mcu.externaltools.gnu-tools-for-stm32.9-2020-q2-update.win32_1.5.0.202011040924/tools/bin/../lib/gcc/arm-none-eabi/9.3.1/thumb/v7e-m+fp/hard\libgcc.a(_arm_fixdfsi.o)
                0x0000000008000b58                __aeabi_d2iz
                0x0000000008000b58                __fixdfsi
 *(.text*)
 .text.init_flash
                0x0000000008000ba8       0x28 Core/Src/flash.o
                0x0000000008000ba8                init_flash
 .text.read     0x0000000008000bd0       0x26 Core/Src/flash.o
                0x0000000008000bd0                read
 *fill*         0x0000000008000bf6        0x2 
 .text.erase    0x0000000008000bf8       0x78 Core/Src/flash.o
                0x0000000008000bf8                erase
 .text.write    0x0000000008000c70       0x4c Core/Src/flash.o
                0x0000000008000c70                write
 .text.ITM_SendChar
                0x0000000008000cbc       0x4e Core/Src/main.o
 .text._write   0x0000000008000d0a       0x38 Core/Src/main.o
                0x0000000008000d0a                _write
 .text.main     0x0000000008000d42       0x22 Core/Src/main.o
                0x0000000008000d42                main
 .text.SystemClock_Config
                0x0000000008000d64       0xc0 Core/Src/main.o
                0x0000000008000d64                SystemClock_Config
 .text.MX_ADC2_Init
                0x0000000008000e24       0xc0 Core/Src/main.o
 .text.MX_TIM3_Init
                0x0000000008000ee4       0xa0 Core/Src/main.o
 .text.MX_GPIO_Init
                0x0000000008000f84       0xe0 Core/Src/main.o
 .text.fsm      0x0000000008001064      0x23c Core/Src/main.o
                0x0000000008001064                fsm
 .text.Error_Handler
                0x00000000080012a0        0xa Core/Src/main.o
                0x00000000080012a0                Error_Handler
 *fill*         0x00000000080012aa        0x2 
 .text.HAL_MspInit
                0x00000000080012ac       0x48 Core/Src/stm32f3xx_hal_msp.o
                0x00000000080012ac                HAL_MspInit
 .text.HAL_ADC_MspInit
                0x00000000080012f4       0x8c Core/Src/stm32f3xx_hal_msp.o
                0x00000000080012f4                HAL_ADC_MspInit
 .text.HAL_TIM_Base_MspInit
                0x0000000008001380       0x40 Core/Src/stm32f3xx_hal_msp.o
                0x0000000008001380                HAL_TIM_Base_MspInit
 .text.NMI_Handler
                0x00000000080013c0        0x6 Core/Src/stm32f3xx_it.o
                0x00000000080013c0                NMI_Handler
 .text.HardFault_Handler
                0x00000000080013c6        0x6 Core/Src/stm32f3xx_it.o
                0x00000000080013c6                HardFault_Handler
 .text.MemManage_Handler
                0x00000000080013cc        0x6 Core/Src/stm32f3xx_it.o
                0x00000000080013cc                MemManage_Handler
 .text.BusFault_Handler
                0x00000000080013d2        0x6 Core/Src/stm32f3xx_it.o
                0x00000000080013d2                BusFault_Handler
 .text.UsageFault_Handler
                0x00000000080013d8        0x6 Core/Src/stm32f3xx_it.o
                0x00000000080013d8                UsageFault_Handler
 .text.SVC_Handler
                0x00000000080013de        0xe Core/Src/stm32f3xx_it.o
                0x00000000080013de                SVC_Handler
 .text.DebugMon_Handler
                0x00000000080013ec        0xe Core/Src/stm32f3xx_it.o
                0x00000000080013ec                DebugMon_Handler
 .text.PendSV_Handler
                0x00000000080013fa        0xe Core/Src/stm32f3xx_it.o
                0x00000000080013fa                PendSV_Handler
 .text.SysTick_Handler
                0x0000000008001408        0xc Core/Src/stm32f3xx_it.o
                0x0000000008001408                SysTick_Handler
 .text.ADC1_2_IRQHandler
                0x0000000008001414       0x14 Core/Src/stm32f3xx_it.o
                0x0000000008001414                ADC1_2_IRQHandler
 .text.USB_LP_CAN_RX0_IRQHandler
                0x0000000008001428       0x14 Core/Src/stm32f3xx_it.o
                0x0000000008001428                USB_LP_CAN_RX0_IRQHandler
 .text._getpid  0x000000000800143c       0x10 Core/Src/syscalls.o
                0x000000000800143c                _getpid
 .text._kill    0x000000000800144c       0x20 Core/Src/syscalls.o
                0x000000000800144c                _kill
 .text._exit    0x000000000800146c       0x14 Core/Src/syscalls.o
                0x000000000800146c                _exit
 .text._read    0x0000000008001480       0x3a Core/Src/syscalls.o
                0x0000000008001480                _read
 .text._close   0x00000000080014ba       0x18 Core/Src/syscalls.o
                0x00000000080014ba                _close
 .text._fstat   0x00000000080014d2       0x20 Core/Src/syscalls.o
                0x00000000080014d2                _fstat
 .text._isatty  0x00000000080014f2       0x16 Core/Src/syscalls.o
                0x00000000080014f2                _isatty
 .text._lseek   0x0000000008001508       0x1a Core/Src/syscalls.o
                0x0000000008001508                _lseek
 *fill*         0x0000000008001522        0x2 
 .text._sbrk    0x0000000008001524       0x6c Core/Src/sysmem.o
                0x0000000008001524                _sbrk
 .text.SystemInit
                0x0000000008001590       0x24 Core/Src/system_stm32f3xx.o
                0x0000000008001590                SystemInit
 .text.action_help
                0x00000000080015b4      0x138 Core/Src/terminal.o
                0x00000000080015b4                action_help
 .text.action_on_pc13
                0x00000000080016ec       0x32 Core/Src/terminal.o
                0x00000000080016ec                action_on_pc13
 .text.action_off_pc13
                0x000000000800171e       0x32 Core/Src/terminal.o
                0x000000000800171e                action_off_pc13
 .text.action_on_pc15
                0x0000000008001750       0x32 Core/Src/terminal.o
                0x0000000008001750                action_on_pc15
 .text.action_off_pc15
                0x0000000008001782       0x32 Core/Src/terminal.o
                0x0000000008001782                action_off_pc15
 .text.action_on_blink
                0x00000000080017b4       0x32 Core/Src/terminal.o
                0x00000000080017b4                action_on_blink
 .text.action_off_blink
                0x00000000080017e6       0x32 Core/Src/terminal.o
                0x00000000080017e6                action_off_blink
 .text.action_cdc_feedback
                0x0000000008001818       0x32 Core/Src/terminal.o
                0x0000000008001818                action_cdc_feedback
 .text.action_off_feedback
                0x000000000800184a       0x32 Core/Src/terminal.o
                0x000000000800184a                action_off_feedback
 .text.action_on_adc
                0x000000000800187c       0x32 Core/Src/terminal.o
                0x000000000800187c                action_on_adc
 .text.action_off_adc
                0x00000000080018ae       0x32 Core/Src/terminal.o
                0x00000000080018ae                action_off_adc
 .text.action_adc
                0x00000000080018e0       0x48 Core/Src/terminal.o
                0x00000000080018e0                action_adc
 .text.action_status
                0x0000000008001928       0x2e Core/Src/terminal.o
                0x0000000008001928                action_status
 .text.action_write
                0x0000000008001956       0x32 Core/Src/terminal.o
                0x0000000008001956                action_write
 .text.action_read
                0x0000000008001988       0x2e Core/Src/terminal.o
                0x0000000008001988                action_read
 *fill*         0x00000000080019b6        0x2 
 .text.command_parse
                0x00000000080019b8      0x128 Core/Src/terminal.o
                0x00000000080019b8                command_parse
 .text.USB_init
                0x0000000008001ae0       0x2a Core/Src/usb.o
                0x0000000008001ae0                USB_init
 *fill*         0x0000000008001b0a        0x2 
 .text.HAL_ADC_ConvCpltCallback
                0x0000000008001b0c       0x24 Core/Src/utils.o
                0x0000000008001b0c                HAL_ADC_ConvCpltCallback
 .text.blink    0x0000000008001b30       0x5c Core/Src/utils.o
                0x0000000008001b30                blink
 .text.on_pc13  0x0000000008001b8c       0x24 Core/Src/utils.o
                0x0000000008001b8c                on_pc13
 .text.off_pc13
                0x0000000008001bb0       0x18 Core/Src/utils.o
                0x0000000008001bb0                off_pc13
 .text.off_pc15
                0x0000000008001bc8       0x16 Core/Src/utils.o
                0x0000000008001bc8                off_pc15
 *fill*         0x0000000008001bde        0x2 
 .text.set_adc_timer
                0x0000000008001be0       0x44 Core/Src/utils.o
                0x0000000008001be0                set_adc_timer
 .text.set_on_pc13
                0x0000000008001c24       0x18 Core/Src/utils.o
                0x0000000008001c24                set_on_pc13
 .text.set_off_pc13
                0x0000000008001c3c       0x18 Core/Src/utils.o
                0x0000000008001c3c                set_off_pc13
 .text.set_on_pc15
                0x0000000008001c54       0x18 Core/Src/utils.o
                0x0000000008001c54                set_on_pc15
 .text.set_off_pc15
                0x0000000008001c6c       0x18 Core/Src/utils.o
                0x0000000008001c6c                set_off_pc15
 .text.set_on_blink
                0x0000000008001c84       0x18 Core/Src/utils.o
                0x0000000008001c84                set_on_blink
 .text.set_off_blink
                0x0000000008001c9c       0x18 Core/Src/utils.o
                0x0000000008001c9c                set_off_blink
 .text.set_cdc_feedback
                0x0000000008001cb4       0x18 Core/Src/utils.o
                0x0000000008001cb4                set_cdc_feedback
 .text.set_off_feedback
                0x0000000008001ccc       0x18 Core/Src/utils.o
                0x0000000008001ccc                set_off_feedback
 .text.feedback
                0x0000000008001ce4       0x18 Core/Src/utils.o
                0x0000000008001ce4                feedback
 .text.set_on_adc
                0x0000000008001cfc       0x18 Core/Src/utils.o
                0x0000000008001cfc                set_on_adc
 .text.set_off_adc
                0x0000000008001d14       0x18 Core/Src/utils.o
                0x0000000008001d14                set_off_adc
 .text.get_sense_12V_normalized
                0x0000000008001d2c       0x4c Core/Src/utils.o
                0x0000000008001d2c                get_sense_12V_normalized
 .text.init_hw  0x0000000008001d78       0x10 Core/Src/utils.o
                0x0000000008001d78                init_hw
 .text.read_config
                0x0000000008001d88       0x48 Core/Src/utils.o
                0x0000000008001d88                read_config
 .text.validate_config
                0x0000000008001dd0       0x2c Core/Src/utils.o
                0x0000000008001dd0                validate_config
 .text.write_config
                0x0000000008001dfc       0x20 Core/Src/utils.o
                0x0000000008001dfc                write_config
 .text.Reset_Handler
                0x0000000008001e1c       0x50 Core/Startup/startup_stm32f303cbtx.o
                0x0000000008001e1c                Reset_Handler
 .text.Default_Handler
                0x0000000008001e6c        0x2 Core/Startup/startup_stm32f303cbtx.o
                0x0000000008001e6c                RTC_Alarm_IRQHandler
                0x0000000008001e6c                TIM8_TRG_COM_IRQHandler
                0x0000000008001e6c                TIM8_CC_IRQHandler
                0x0000000008001e6c                TIM1_CC_IRQHandler
                0x0000000008001e6c                USB_HP_IRQHandler
                0x0000000008001e6c                PVD_IRQHandler
                0x0000000008001e6c                TAMP_STAMP_IRQHandler
                0x0000000008001e6c                EXTI3_IRQHandler
                0x0000000008001e6c                USB_HP_CAN_TX_IRQHandler
                0x0000000008001e6c                EXTI0_IRQHandler
                0x0000000008001e6c                I2C2_EV_IRQHandler
                0x0000000008001e6c                FPU_IRQHandler
                0x0000000008001e6c                TIM1_UP_TIM16_IRQHandler
                0x0000000008001e6c                SPI1_IRQHandler
                0x0000000008001e6c                CAN_SCE_IRQHandler
                0x0000000008001e6c                TIM6_DAC_IRQHandler
                0x0000000008001e6c                TIM8_UP_IRQHandler
                0x0000000008001e6c                DMA2_Channel2_IRQHandler
                0x0000000008001e6c                DMA1_Channel4_IRQHandler
                0x0000000008001e6c                USART3_IRQHandler
                0x0000000008001e6c                DMA1_Channel7_IRQHandler
                0x0000000008001e6c                UART5_IRQHandler
                0x0000000008001e6c                ADC3_IRQHandler
                0x0000000008001e6c                TIM4_IRQHandler
                0x0000000008001e6c                CAN_RX1_IRQHandler
                0x0000000008001e6c                DMA2_Channel1_IRQHandler
                0x0000000008001e6c                I2C1_EV_IRQHandler
                0x0000000008001e6c                DMA1_Channel6_IRQHandler
                0x0000000008001e6c                UART4_IRQHandler
                0x0000000008001e6c                DMA2_Channel4_IRQHandler
                0x0000000008001e6c                TIM3_IRQHandler
                0x0000000008001e6c                RCC_IRQHandler
                0x0000000008001e6c                DMA1_Channel1_IRQHandler
                0x0000000008001e6c                Default_Handler
                0x0000000008001e6c                USBWakeUp_RMP_IRQHandler
                0x0000000008001e6c                EXTI15_10_IRQHandler
                0x0000000008001e6c                TIM7_IRQHandler
                0x0000000008001e6c                EXTI9_5_IRQHandler
                0x0000000008001e6c                RTC_WKUP_IRQHandler
                0x0000000008001e6c                SPI2_IRQHandler
                0x0000000008001e6c                DMA2_Channel5_IRQHandler
                0x0000000008001e6c                DMA1_Channel5_IRQHandler
                0x0000000008001e6c                USB_LP_IRQHandler
                0x0000000008001e6c                EXTI4_IRQHandler
                0x0000000008001e6c                TIM1_TRG_COM_TIM17_IRQHandler
                0x0000000008001e6c                DMA1_Channel3_IRQHandler
                0x0000000008001e6c                ADC4_IRQHandler
                0x0000000008001e6c                WWDG_IRQHandler
                0x0000000008001e6c                TIM2_IRQHandler
                0x0000000008001e6c                COMP7_IRQHandler
                0x0000000008001e6c                COMP1_2_3_IRQHandler
                0x0000000008001e6c                EXTI1_IRQHandler
                0x0000000008001e6c                USART2_IRQHandler
                0x0000000008001e6c                COMP4_5_6_IRQHandler
                0x0000000008001e6c                I2C2_ER_IRQHandler
                0x0000000008001e6c                DMA1_Channel2_IRQHandler
                0x0000000008001e6c                TIM8_BRK_IRQHandler
                0x0000000008001e6c                FLASH_IRQHandler
                0x0000000008001e6c                USART1_IRQHandler
                0x0000000008001e6c                SPI3_IRQHandler
                0x0000000008001e6c                I2C1_ER_IRQHandler
                0x0000000008001e6c                USBWakeUp_IRQHandler
                0x0000000008001e6c                DMA2_Channel3_IRQHandler
                0x0000000008001e6c                EXTI2_TSC_IRQHandler
                0x0000000008001e6c                TIM1_BRK_TIM15_IRQHandler
 *fill*         0x0000000008001e6e        0x2 
 .text.HAL_Init
                0x0000000008001e70       0x2c Drivers/STM32F3xx_HAL_Driver/Src/stm32f3xx_hal.o
                0x0000000008001e70                HAL_Init
 .text.HAL_InitTick
                0x0000000008001e9c       0x60 Drivers/STM32F3xx_HAL_Driver/Src/stm32f3xx_hal.o
                0x0000000008001e9c                HAL_InitTick
 .text.HAL_IncTick
                0x0000000008001efc       0x28 Drivers/STM32F3xx_HAL_Driver/Src/stm32f3xx_hal.o
                0x0000000008001efc                HAL_IncTick
 .text.HAL_GetTick
                0x0000000008001f24       0x18 Drivers/STM32F3xx_HAL_Driver/Src/stm32f3xx_hal.o
                0x0000000008001f24                HAL_GetTick
 .text.HAL_Delay
                0x0000000008001f3c       0x48 Drivers/STM32F3xx_HAL_Driver/Src/stm32f3xx_hal.o
                0x0000000008001f3c                HAL_Delay
 .text.HAL_ADC_LevelOutOfWindowCallback
                0x0000000008001f84       0x14 Drivers/STM32F3xx_HAL_Driver/Src/stm32f3xx_hal_adc.o
                0x0000000008001f84                HAL_ADC_LevelOutOfWindowCallback
 .text.HAL_ADC_ErrorCallback
                0x0000000008001f98       0x14 Drivers/STM32F3xx_HAL_Driver/Src/stm32f3xx_hal_adc.o
                0x0000000008001f98                HAL_ADC_ErrorCallback
 .text.HAL_ADC_Init
                0x0000000008001fac      0x3c0 Drivers/STM32F3xx_HAL_Driver/Src/stm32f3xx_hal_adc_ex.o
                0x0000000008001fac                HAL_ADC_Init
 .text.HAL_ADC_Start_IT
                0x000000000800236c      0x280 Drivers/STM32F3xx_HAL_Driver/Src/stm32f3xx_hal_adc_ex.o
                0x000000000800236c                HAL_ADC_Start_IT
 .text.HAL_ADC_GetValue
                0x00000000080025ec       0x1a Drivers/STM32F3xx_HAL_Driver/Src/stm32f3xx_hal_adc_ex.o
                0x00000000080025ec                HAL_ADC_GetValue
 *fill*         0x0000000008002606        0x2 
 .text.HAL_ADC_IRQHandler
                0x0000000008002608      0x618 Drivers/STM32F3xx_HAL_Driver/Src/stm32f3xx_hal_adc_ex.o
                0x0000000008002608                HAL_ADC_IRQHandler
 .text.HAL_ADCEx_Calibration_Start
                0x0000000008002c20       0xd4 Drivers/STM32F3xx_HAL_Driver/Src/stm32f3xx_hal_adc_ex.o
                0x0000000008002c20                HAL_ADCEx_Calibration_Start
 .text.HAL_ADCEx_InjectedConvCpltCallback
                0x0000000008002cf4       0x14 Drivers/STM32F3xx_HAL_Driver/Src/stm32f3xx_hal_adc_ex.o
                0x0000000008002cf4                HAL_ADCEx_InjectedConvCpltCallback
 .text.HAL_ADCEx_InjectedQueueOverflowCallback
                0x0000000008002d08       0x14 Drivers/STM32F3xx_HAL_Driver/Src/stm32f3xx_hal_adc_ex.o
                0x0000000008002d08                HAL_ADCEx_InjectedQueueOverflowCallback
 .text.HAL_ADCEx_LevelOutOfWindow2Callback
                0x0000000008002d1c       0x14 Drivers/STM32F3xx_HAL_Driver/Src/stm32f3xx_hal_adc_ex.o
                0x0000000008002d1c                HAL_ADCEx_LevelOutOfWindow2Callback
 .text.HAL_ADCEx_LevelOutOfWindow3Callback
                0x0000000008002d30       0x14 Drivers/STM32F3xx_HAL_Driver/Src/stm32f3xx_hal_adc_ex.o
                0x0000000008002d30                HAL_ADCEx_LevelOutOfWindow3Callback
 .text.HAL_ADC_ConfigChannel
                0x0000000008002d44      0x5d8 Drivers/STM32F3xx_HAL_Driver/Src/stm32f3xx_hal_adc_ex.o
                0x0000000008002d44                HAL_ADC_ConfigChannel
 .text.ADC_Enable
                0x000000000800331c       0xbc Drivers/STM32F3xx_HAL_Driver/Src/stm32f3xx_hal_adc_ex.o
 .text.ADC_Disable
                0x00000000080033d8       0xbe Drivers/STM32F3xx_HAL_Driver/Src/stm32f3xx_hal_adc_ex.o
 *fill*         0x0000000008003496        0x2 
 .text.__NVIC_SetPriorityGrouping
                0x0000000008003498       0x48 Drivers/STM32F3xx_HAL_Driver/Src/stm32f3xx_hal_cortex.o
 .text.__NVIC_GetPriorityGrouping
                0x00000000080034e0       0x1c Drivers/STM32F3xx_HAL_Driver/Src/stm32f3xx_hal_cortex.o
 .text.__NVIC_EnableIRQ
                0x00000000080034fc       0x3c Drivers/STM32F3xx_HAL_Driver/Src/stm32f3xx_hal_cortex.o
 .text.__NVIC_SetPriority
                0x0000000008003538       0x54 Drivers/STM32F3xx_HAL_Driver/Src/stm32f3xx_hal_cortex.o
 .text.NVIC_EncodePriority
                0x000000000800358c       0x66 Drivers/STM32F3xx_HAL_Driver/Src/stm32f3xx_hal_cortex.o
 *fill*         0x00000000080035f2        0x2 
 .text.SysTick_Config
                0x00000000080035f4       0x44 Drivers/STM32F3xx_HAL_Driver/Src/stm32f3xx_hal_cortex.o
 .text.HAL_NVIC_SetPriorityGrouping
                0x0000000008003638       0x16 Drivers/STM32F3xx_HAL_Driver/Src/stm32f3xx_hal_cortex.o
                0x0000000008003638                HAL_NVIC_SetPriorityGrouping
 .text.HAL_NVIC_SetPriority
                0x000000000800364e       0x38 Drivers/STM32F3xx_HAL_Driver/Src/stm32f3xx_hal_cortex.o
                0x000000000800364e                HAL_NVIC_SetPriority
 .text.HAL_NVIC_EnableIRQ
                0x0000000008003686       0x1c Drivers/STM32F3xx_HAL_Driver/Src/stm32f3xx_hal_cortex.o
                0x0000000008003686                HAL_NVIC_EnableIRQ
 .text.HAL_SYSTICK_Config
                0x00000000080036a2       0x18 Drivers/STM32F3xx_HAL_Driver/Src/stm32f3xx_hal_cortex.o
                0x00000000080036a2                HAL_SYSTICK_Config
 *fill*         0x00000000080036ba        0x2 
 .text.HAL_FLASH_Program
                0x00000000080036bc       0xe0 Drivers/STM32F3xx_HAL_Driver/Src/stm32f3xx_hal_flash.o
                0x00000000080036bc                HAL_FLASH_Program
 .text.FLASH_Program_HalfWord
                0x000000000800379c       0x38 Drivers/STM32F3xx_HAL_Driver/Src/stm32f3xx_hal_flash.o
 .text.FLASH_WaitForLastOperation
                0x00000000080037d4       0x80 Drivers/STM32F3xx_HAL_Driver/Src/stm32f3xx_hal_flash.o
                0x00000000080037d4                FLASH_WaitForLastOperation
 .text.FLASH_SetErrorCode
                0x0000000008003854       0x64 Drivers/STM32F3xx_HAL_Driver/Src/stm32f3xx_hal_flash.o
 .text.HAL_GPIO_Init
                0x00000000080038b8      0x2f4 Drivers/STM32F3xx_HAL_Driver/Src/stm32f3xx_hal_gpio.o
                0x00000000080038b8                HAL_GPIO_Init
 .text.HAL_GPIO_WritePin
                0x0000000008003bac       0x30 Drivers/STM32F3xx_HAL_Driver/Src/stm32f3xx_hal_gpio.o
                0x0000000008003bac                HAL_GPIO_WritePin
 .text.HAL_PCD_Init
                0x0000000008003bdc      0x1bc Drivers/STM32F3xx_HAL_Driver/Src/stm32f3xx_hal_pcd.o
                0x0000000008003bdc                HAL_PCD_Init
 .text.HAL_PCD_Start
                0x0000000008003d98       0x4c Drivers/STM32F3xx_HAL_Driver/Src/stm32f3xx_hal_pcd.o
                0x0000000008003d98                HAL_PCD_Start
 .text.HAL_PCD_IRQHandler
                0x0000000008003de4      0x1ee Drivers/STM32F3xx_HAL_Driver/Src/stm32f3xx_hal_pcd.o
                0x0000000008003de4                HAL_PCD_IRQHandler
 .text.HAL_PCD_SetAddress
                0x0000000008003fd2       0x4a Drivers/STM32F3xx_HAL_Driver/Src/stm32f3xx_hal_pcd.o
                0x0000000008003fd2                HAL_PCD_SetAddress
 .text.HAL_PCD_EP_Open
                0x000000000800401c       0xcc Drivers/STM32F3xx_HAL_Driver/Src/stm32f3xx_hal_pcd.o
                0x000000000800401c                HAL_PCD_EP_Open
 .text.HAL_PCD_EP_Close
                0x00000000080040e8       0x90 Drivers/STM32F3xx_HAL_Driver/Src/stm32f3xx_hal_pcd.o
                0x00000000080040e8                HAL_PCD_EP_Close
 .text.HAL_PCD_EP_Receive
                0x0000000008004178       0x7a Drivers/STM32F3xx_HAL_Driver/Src/stm32f3xx_hal_pcd.o
                0x0000000008004178                HAL_PCD_EP_Receive
 .text.HAL_PCD_EP_GetRxCount
                0x00000000080041f2       0x30 Drivers/STM32F3xx_HAL_Driver/Src/stm32f3xx_hal_pcd.o
                0x00000000080041f2                HAL_PCD_EP_GetRxCount
 .text.HAL_PCD_EP_Transmit
                0x0000000008004222       0x86 Drivers/STM32F3xx_HAL_Driver/Src/stm32f3xx_hal_pcd.o
                0x0000000008004222                HAL_PCD_EP_Transmit
 .text.HAL_PCD_EP_SetStall
                0x00000000080042a8       0xa4 Drivers/STM32F3xx_HAL_Driver/Src/stm32f3xx_hal_pcd.o
                0x00000000080042a8                HAL_PCD_EP_SetStall
 .text.HAL_PCD_EP_ClrStall
                0x000000000800434c       0xa8 Drivers/STM32F3xx_HAL_Driver/Src/stm32f3xx_hal_pcd.o
                0x000000000800434c                HAL_PCD_EP_ClrStall
 .text.PCD_EP_ISR_Handler
                0x00000000080043f4      0x5e6 Drivers/STM32F3xx_HAL_Driver/Src/stm32f3xx_hal_pcd.o
 .text.HAL_PCD_EP_DB_Receive
                0x00000000080049da      0x21a Drivers/STM32F3xx_HAL_Driver/Src/stm32f3xx_hal_pcd.o
 .text.HAL_PCD_EP_DB_Transmit
                0x0000000008004bf4      0x556 Drivers/STM32F3xx_HAL_Driver/Src/stm32f3xx_hal_pcd.o
 .text.HAL_PCDEx_PMAConfig
                0x000000000800514a       0x86 Drivers/STM32F3xx_HAL_Driver/Src/stm32f3xx_hal_pcd_ex.o
                0x000000000800514a                HAL_PCDEx_PMAConfig
 .text.HAL_RCC_OscConfig
                0x00000000080051d0      0xe10 Drivers/STM32F3xx_HAL_Driver/Src/stm32f3xx_hal_rcc.o
                0x00000000080051d0                HAL_RCC_OscConfig
 .text.HAL_RCC_ClockConfig
                0x0000000008005fe0      0x2f8 Drivers/STM32F3xx_HAL_Driver/Src/stm32f3xx_hal_rcc.o
                0x0000000008005fe0                HAL_RCC_ClockConfig
 .text.HAL_RCC_GetSysClockFreq
                0x00000000080062d8       0xd8 Drivers/STM32F3xx_HAL_Driver/Src/stm32f3xx_hal_rcc.o
                0x00000000080062d8                HAL_RCC_GetSysClockFreq
 .text.HAL_RCCEx_PeriphCLKConfig
                0x00000000080063b0      0x360 Drivers/STM32F3xx_HAL_Driver/Src/stm32f3xx_hal_rcc_ex.o
                0x00000000080063b0                HAL_RCCEx_PeriphCLKConfig
 .text.HAL_TIM_Base_Init
                0x0000000008006710       0xae Drivers/STM32F3xx_HAL_Driver/Src/stm32f3xx_hal_tim.o
                0x0000000008006710                HAL_TIM_Base_Init
 .text.HAL_TIM_ConfigClockSource
                0x00000000080067be      0x18c Drivers/STM32F3xx_HAL_Driver/Src/stm32f3xx_hal_tim.o
                0x00000000080067be                HAL_TIM_ConfigClockSource
 *fill*         0x000000000800694a        0x2 
 .text.TIM_Base_SetConfig
                0x000000000800694c      0x120 Drivers/STM32F3xx_HAL_Driver/Src/stm32f3xx_hal_tim.o
                0x000000000800694c                TIM_Base_SetConfig
 .text.TIM_TI1_ConfigInputStage
                0x0000000008006a6c       0x5e Drivers/STM32F3xx_HAL_Driver/Src/stm32f3xx_hal_tim.o
 .text.TIM_TI2_ConfigInputStage
                0x0000000008006aca       0x60 Drivers/STM32F3xx_HAL_Driver/Src/stm32f3xx_hal_tim.o
 .text.TIM_ITRx_SetConfig
                0x0000000008006b2a       0x36 Drivers/STM32F3xx_HAL_Driver/Src/stm32f3xx_hal_tim.o
 .text.TIM_ETR_SetConfig
                0x0000000008006b60       0x40 Drivers/STM32F3xx_HAL_Driver/Src/stm32f3xx_hal_tim.o
                0x0000000008006b60                TIM_ETR_SetConfig
 .text.HAL_TIMEx_MasterConfigSynchronization
                0x0000000008006ba0      0x100 Drivers/STM32F3xx_HAL_Driver/Src/stm32f3xx_hal_tim_ex.o
                0x0000000008006ba0                HAL_TIMEx_MasterConfigSynchronization
 .text.USB_EnableGlobalInt
                0x0000000008006ca0       0x2e Drivers/STM32F3xx_HAL_Driver/Src/stm32f3xx_ll_usb.o
                0x0000000008006ca0                USB_EnableGlobalInt
 .text.USB_DisableGlobalInt
                0x0000000008006cce       0x36 Drivers/STM32F3xx_HAL_Driver/Src/stm32f3xx_ll_usb.o
                0x0000000008006cce                USB_DisableGlobalInt
 .text.USB_DevInit
                0x0000000008006d04       0x42 Drivers/STM32F3xx_HAL_Driver/Src/stm32f3xx_ll_usb.o
                0x0000000008006d04                USB_DevInit
 *fill*         0x0000000008006d46        0x2 
 .text.USB_ActivateEndpoint
                0x0000000008006d48      0x6dc Drivers/STM32F3xx_HAL_Driver/Src/stm32f3xx_ll_usb.o
                0x0000000008006d48                USB_ActivateEndpoint
 .text.USB_DeactivateEndpoint
                0x0000000008007424      0x3da Drivers/STM32F3xx_HAL_Driver/Src/stm32f3xx_ll_usb.o
                0x0000000008007424                USB_DeactivateEndpoint
 .text.USB_EPStartXfer
                0x00000000080077fe     0x1240 Drivers/STM32F3xx_HAL_Driver/Src/stm32f3xx_ll_usb.o
                0x00000000080077fe                USB_EPStartXfer
 .text.USB_EPSetStall
                0x0000000008008a3e       0xa2 Drivers/STM32F3xx_HAL_Driver/Src/stm32f3xx_ll_usb.o
                0x0000000008008a3e                USB_EPSetStall
 .text.USB_EPClearStall
                0x0000000008008ae0      0x15c Drivers/STM32F3xx_HAL_Driver/Src/stm32f3xx_ll_usb.o
                0x0000000008008ae0                USB_EPClearStall
 .text.USB_SetDevAddress
                0x0000000008008c3c       0x28 Drivers/STM32F3xx_HAL_Driver/Src/stm32f3xx_ll_usb.o
                0x0000000008008c3c                USB_SetDevAddress
 .text.USB_DevConnect
                0x0000000008008c64       0x16 Drivers/STM32F3xx_HAL_Driver/Src/stm32f3xx_ll_usb.o
                0x0000000008008c64                USB_DevConnect
 .text.USB_ReadInterrupts
                0x0000000008008c7a       0x20 Drivers/STM32F3xx_HAL_Driver/Src/stm32f3xx_ll_usb.o
                0x0000000008008c7a                USB_ReadInterrupts
 .text.USB_WritePMA
                0x0000000008008c9a       0x8c Drivers/STM32F3xx_HAL_Driver/Src/stm32f3xx_ll_usb.o
                0x0000000008008c9a                USB_WritePMA
 .text.USB_ReadPMA
                0x0000000008008d26       0xa0 Drivers/STM32F3xx_HAL_Driver/Src/stm32f3xx_ll_usb.o
                0x0000000008008d26                USB_ReadPMA
 .text.USBD_CDC_Init
                0x0000000008008dc6       0xf4 Middlewares/ST/STM32_USB_Device_Library/Class/CDC/Src/usbd_cdc.o
 .text.USBD_CDC_DeInit
                0x0000000008008eba       0x6e Middlewares/ST/STM32_USB_Device_Library/Class/CDC/Src/usbd_cdc.o
 .text.USBD_CDC_Setup
                0x0000000008008f28      0x146 Middlewares/ST/STM32_USB_Device_Library/Class/CDC/Src/usbd_cdc.o
 .text.USBD_CDC_DataIn
                0x000000000800906e       0xa6 Middlewares/ST/STM32_USB_Device_Library/Class/CDC/Src/usbd_cdc.o
 .text.USBD_CDC_DataOut
                0x0000000008009114       0x56 Middlewares/ST/STM32_USB_Device_Library/Class/CDC/Src/usbd_cdc.o
 .text.USBD_CDC_EP0_RxReady
                0x000000000800916a       0x50 Middlewares/ST/STM32_USB_Device_Library/Class/CDC/Src/usbd_cdc.o
 *fill*         0x00000000080091ba        0x2 
 .text.USBD_CDC_GetFSCfgDesc
                0x00000000080091bc       0x20 Middlewares/ST/STM32_USB_Device_Library/Class/CDC/Src/usbd_cdc.o
 .text.USBD_CDC_GetHSCfgDesc
                0x00000000080091dc       0x20 Middlewares/ST/STM32_USB_Device_Library/Class/CDC/Src/usbd_cdc.o
 .text.USBD_CDC_GetOtherSpeedCfgDesc
                0x00000000080091fc       0x20 Middlewares/ST/STM32_USB_Device_Library/Class/CDC/Src/usbd_cdc.o
 .text.USBD_CDC_GetDeviceQualifierDescriptor
                0x000000000800921c       0x20 Middlewares/ST/STM32_USB_Device_Library/Class/CDC/Src/usbd_cdc.o
                0x000000000800921c                USBD_CDC_GetDeviceQualifierDescriptor
 .text.USBD_CDC_RegisterInterface
                0x000000000800923c       0x2e Middlewares/ST/STM32_USB_Device_Library/Class/CDC/Src/usbd_cdc.o
                0x000000000800923c                USBD_CDC_RegisterInterface
 .text.USBD_CDC_SetTxBuffer
                0x000000000800926a       0x34 Middlewares/ST/STM32_USB_Device_Library/Class/CDC/Src/usbd_cdc.o
                0x000000000800926a                USBD_CDC_SetTxBuffer
 .text.USBD_CDC_SetRxBuffer
                0x000000000800929e       0x28 Middlewares/ST/STM32_USB_Device_Library/Class/CDC/Src/usbd_cdc.o
                0x000000000800929e                USBD_CDC_SetRxBuffer
 .text.USBD_CDC_TransmitPacket
                0x00000000080092c6       0x5e Middlewares/ST/STM32_USB_Device_Library/Class/CDC/Src/usbd_cdc.o
                0x00000000080092c6                USBD_CDC_TransmitPacket
 .text.USBD_CDC_ReceivePacket
                0x0000000008009324       0x54 Middlewares/ST/STM32_USB_Device_Library/Class/CDC/Src/usbd_cdc.o
                0x0000000008009324                USBD_CDC_ReceivePacket
 .text.USBD_Init
                0x0000000008009378       0x56 Middlewares/ST/STM32_USB_Device_Library/Core/Src/usbd_core.o
                0x0000000008009378                USBD_Init
 .text.USBD_RegisterClass
                0x00000000080093ce       0x34 Middlewares/ST/STM32_USB_Device_Library/Core/Src/usbd_core.o
                0x00000000080093ce                USBD_RegisterClass
 .text.USBD_Start
                0x0000000008009402       0x18 Middlewares/ST/STM32_USB_Device_Library/Core/Src/usbd_core.o
                0x0000000008009402                USBD_Start
 .text.USBD_RunTestMode
                0x000000000800941a       0x16 Middlewares/ST/STM32_USB_Device_Library/Core/Src/usbd_core.o
                0x000000000800941a                USBD_RunTestMode
 .text.USBD_SetClassConfig
                0x0000000008009430       0x3e Middlewares/ST/STM32_USB_Device_Library/Core/Src/usbd_core.o
                0x0000000008009430                USBD_SetClassConfig
 .text.USBD_ClrClassConfig
                0x000000000800946e       0x26 Middlewares/ST/STM32_USB_Device_Library/Core/Src/usbd_core.o
                0x000000000800946e                USBD_ClrClassConfig
 .text.USBD_LL_SetupStage
                0x0000000008009494       0x9a Middlewares/ST/STM32_USB_Device_Library/Core/Src/usbd_core.o
                0x0000000008009494                USBD_LL_SetupStage
 .text.USBD_LL_DataOutStage
                0x000000000800952e       0xe2 Middlewares/ST/STM32_USB_Device_Library/Core/Src/usbd_core.o
                0x000000000800952e                USBD_LL_DataOutStage
 .text.USBD_LL_DataInStage
                0x0000000008009610      0x14a Middlewares/ST/STM32_USB_Device_Library/Core/Src/usbd_core.o
                0x0000000008009610                USBD_LL_DataInStage
 .text.USBD_LL_Reset
                0x000000000800975a       0x82 Middlewares/ST/STM32_USB_Device_Library/Core/Src/usbd_core.o
                0x000000000800975a                USBD_LL_Reset
 .text.USBD_LL_SetSpeed
                0x00000000080097dc       0x20 Middlewares/ST/STM32_USB_Device_Library/Core/Src/usbd_core.o
                0x00000000080097dc                USBD_LL_SetSpeed
 .text.USBD_LL_Suspend
                0x00000000080097fc       0x2a Middlewares/ST/STM32_USB_Device_Library/Core/Src/usbd_core.o
                0x00000000080097fc                USBD_LL_Suspend
 .text.USBD_LL_Resume
                0x0000000008009826       0x2c Middlewares/ST/STM32_USB_Device_Library/Core/Src/usbd_core.o
                0x0000000008009826                USBD_LL_Resume
 .text.USBD_LL_SOF
                0x0000000008009852       0x34 Middlewares/ST/STM32_USB_Device_Library/Core/Src/usbd_core.o
                0x0000000008009852                USBD_LL_SOF
 *fill*         0x0000000008009886        0x2 
 .text.USBD_StdDevReq
                0x0000000008009888       0xd4 Middlewares/ST/STM32_USB_Device_Library/Core/Src/usbd_ctlreq.o
                0x0000000008009888                USBD_StdDevReq
 .text.USBD_StdItfReq
                0x000000000800995c       0x90 Middlewares/ST/STM32_USB_Device_Library/Core/Src/usbd_ctlreq.o
                0x000000000800995c                USBD_StdItfReq
 .text.USBD_StdEPReq
                0x00000000080099ec      0x2c6 Middlewares/ST/STM32_USB_Device_Library/Core/Src/usbd_ctlreq.o
                0x00000000080099ec                USBD_StdEPReq
 *fill*         0x0000000008009cb2        0x2 
 .text.USBD_GetDescriptor
                0x0000000008009cb4      0x2d0 Middlewares/ST/STM32_USB_Device_Library/Core/Src/usbd_ctlreq.o
 .text.USBD_SetAddress
                0x0000000008009f84       0x86 Middlewares/ST/STM32_USB_Device_Library/Core/Src/usbd_ctlreq.o
 *fill*         0x000000000800a00a        0x2 
 .text.USBD_SetConfig
                0x000000000800a00c      0x11c Middlewares/ST/STM32_USB_Device_Library/Core/Src/usbd_ctlreq.o
 .text.USBD_GetConfig
                0x000000000800a128       0x6a Middlewares/ST/STM32_USB_Device_Library/Core/Src/usbd_ctlreq.o
 .text.USBD_GetStatus
                0x000000000800a192       0x66 Middlewares/ST/STM32_USB_Device_Library/Core/Src/usbd_ctlreq.o
 .text.USBD_SetFeature
                0x000000000800a1f8       0x28 Middlewares/ST/STM32_USB_Device_Library/Core/Src/usbd_ctlreq.o
 .text.USBD_ClrFeature
                0x000000000800a220       0x42 Middlewares/ST/STM32_USB_Device_Library/Core/Src/usbd_ctlreq.o
 .text.USBD_ParseSetupRequest
                0x000000000800a262       0x7a Middlewares/ST/STM32_USB_Device_Library/Core/Src/usbd_ctlreq.o
                0x000000000800a262                USBD_ParseSetupRequest
 .text.USBD_CtlError
                0x000000000800a2dc       0x22 Middlewares/ST/STM32_USB_Device_Library/Core/Src/usbd_ctlreq.o
                0x000000000800a2dc                USBD_CtlError
 .text.USBD_GetString
                0x000000000800a2fe       0x84 Middlewares/ST/STM32_USB_Device_Library/Core/Src/usbd_ctlreq.o
                0x000000000800a2fe                USBD_GetString
 .text.USBD_GetLen
                0x000000000800a382       0x30 Middlewares/ST/STM32_USB_Device_Library/Core/Src/usbd_ctlreq.o
 .text.USBD_CtlSendData
                0x000000000800a3b2       0x38 Middlewares/ST/STM32_USB_Device_Library/Core/Src/usbd_ioreq.o
                0x000000000800a3b2                USBD_CtlSendData
 .text.USBD_CtlContinueSendData
                0x000000000800a3ea       0x24 Middlewares/ST/STM32_USB_Device_Library/Core/Src/usbd_ioreq.o
                0x000000000800a3ea                USBD_CtlContinueSendData
 .text.USBD_CtlPrepareRx
                0x000000000800a40e       0x3c Middlewares/ST/STM32_USB_Device_Library/Core/Src/usbd_ioreq.o
                0x000000000800a40e                USBD_CtlPrepareRx
 .text.USBD_CtlContinueRx
                0x000000000800a44a       0x24 Middlewares/ST/STM32_USB_Device_Library/Core/Src/usbd_ioreq.o
                0x000000000800a44a                USBD_CtlContinueRx
 .text.USBD_CtlSendStatus
                0x000000000800a46e       0x26 Middlewares/ST/STM32_USB_Device_Library/Core/Src/usbd_ioreq.o
                0x000000000800a46e                USBD_CtlSendStatus
 .text.USBD_CtlReceiveStatus
                0x000000000800a494       0x26 Middlewares/ST/STM32_USB_Device_Library/Core/Src/usbd_ioreq.o
                0x000000000800a494                USBD_CtlReceiveStatus
 *fill*         0x000000000800a4ba        0x2 
 .text.MX_USB_DEVICE_Init
                0x000000000800a4bc       0x60 USB_DEVICE/App/usb_device.o
                0x000000000800a4bc                MX_USB_DEVICE_Init
 .text.CDC_Init_FS
                0x000000000800a51c       0x28 USB_DEVICE/App/usbd_cdc_if.o
 .text.CDC_DeInit_FS
                0x000000000800a544       0x10 USB_DEVICE/App/usbd_cdc_if.o
 .text.CDC_Control_FS
                0x000000000800a554       0xbc USB_DEVICE/App/usbd_cdc_if.o
 .text.CDC_Receive_FS
                0x000000000800a610       0x3c USB_DEVICE/App/usbd_cdc_if.o
 .text.CDC_Transmit_FS
                0x000000000800a64c       0x4c USB_DEVICE/App/usbd_cdc_if.o
                0x000000000800a64c                CDC_Transmit_FS
 .text.USBD_FS_DeviceDescriptor
                0x000000000800a698       0x24 USB_DEVICE/App/usbd_desc.o
                0x000000000800a698                USBD_FS_DeviceDescriptor
 .text.USBD_FS_LangIDStrDescriptor
                0x000000000800a6bc       0x24 USB_DEVICE/App/usbd_desc.o
                0x000000000800a6bc                USBD_FS_LangIDStrDescriptor
 .text.USBD_FS_ProductStrDescriptor
                0x000000000800a6e0       0x3c USB_DEVICE/App/usbd_desc.o
                0x000000000800a6e0                USBD_FS_ProductStrDescriptor
 .text.USBD_FS_ManufacturerStrDescriptor
                0x000000000800a71c       0x28 USB_DEVICE/App/usbd_desc.o
                0x000000000800a71c                USBD_FS_ManufacturerStrDescriptor
 .text.USBD_FS_SerialStrDescriptor
                0x000000000800a744       0x24 USB_DEVICE/App/usbd_desc.o
                0x000000000800a744                USBD_FS_SerialStrDescriptor
 .text.USBD_FS_ConfigStrDescriptor
                0x000000000800a768       0x3c USB_DEVICE/App/usbd_desc.o
                0x000000000800a768                USBD_FS_ConfigStrDescriptor
 .text.USBD_FS_InterfaceStrDescriptor
                0x000000000800a7a4       0x3c USB_DEVICE/App/usbd_desc.o
                0x000000000800a7a4                USBD_FS_InterfaceStrDescriptor
 .text.Get_SerialNum
                0x000000000800a7e0       0x58 USB_DEVICE/App/usbd_desc.o
 .text.IntToUnicode
                0x000000000800a838       0x7e USB_DEVICE/App/usbd_desc.o
 *fill*         0x000000000800a8b6        0x2 
 .text.HAL_PCD_MspInit
                0x000000000800a8b8       0x98 USB_DEVICE/Target/usbd_conf.o
                0x000000000800a8b8                HAL_PCD_MspInit
 .text.HAL_PCD_SetupStageCallback
                0x000000000800a950       0x24 USB_DEVICE/Target/usbd_conf.o
                0x000000000800a950                HAL_PCD_SetupStageCallback
 .text.HAL_PCD_DataOutStageCallback
                0x000000000800a974       0x36 USB_DEVICE/Target/usbd_conf.o
                0x000000000800a974                HAL_PCD_DataOutStageCallback
 .text.HAL_PCD_DataInStageCallback
                0x000000000800a9aa       0x34 USB_DEVICE/Target/usbd_conf.o
                0x000000000800a9aa                HAL_PCD_DataInStageCallback
 .text.HAL_PCD_SOFCallback
                0x000000000800a9de       0x1c USB_DEVICE/Target/usbd_conf.o
                0x000000000800a9de                HAL_PCD_SOFCallback
 .text.HAL_PCD_ResetCallback
                0x000000000800a9fa       0x3c USB_DEVICE/Target/usbd_conf.o
                0x000000000800a9fa                HAL_PCD_ResetCallback
 *fill*         0x000000000800aa36        0x2 
 .text.HAL_PCD_SuspendCallback
                0x000000000800aa38       0x34 USB_DEVICE/Target/usbd_conf.o
                0x000000000800aa38                HAL_PCD_SuspendCallback
 .text.HAL_PCD_ResumeCallback
                0x000000000800aa6c       0x1c USB_DEVICE/Target/usbd_conf.o
                0x000000000800aa6c                HAL_PCD_ResumeCallback
 .text.USBD_LL_Init
                0x000000000800aa88       0xb4 USB_DEVICE/Target/usbd_conf.o
                0x000000000800aa88                USBD_LL_Init
 .text.USBD_LL_Start
                0x000000000800ab3c       0x36 USB_DEVICE/Target/usbd_conf.o
                0x000000000800ab3c                USBD_LL_Start
 .text.USBD_LL_OpenEP
                0x000000000800ab72       0x4c USB_DEVICE/Target/usbd_conf.o
                0x000000000800ab72                USBD_LL_OpenEP
 .text.USBD_LL_CloseEP
                0x000000000800abbe       0x3e USB_DEVICE/Target/usbd_conf.o
                0x000000000800abbe                USBD_LL_CloseEP
 .text.USBD_LL_StallEP
                0x000000000800abfc       0x3e USB_DEVICE/Target/usbd_conf.o
                0x000000000800abfc                USBD_LL_StallEP
 .text.USBD_LL_ClearStallEP
                0x000000000800ac3a       0x3e USB_DEVICE/Target/usbd_conf.o
                0x000000000800ac3a                USBD_LL_ClearStallEP
 .text.USBD_LL_IsStallEP
                0x000000000800ac78       0x5a USB_DEVICE/Target/usbd_conf.o
                0x000000000800ac78                USBD_LL_IsStallEP
 .text.USBD_LL_SetUSBAddress
                0x000000000800acd2       0x3e USB_DEVICE/Target/usbd_conf.o
                0x000000000800acd2                USBD_LL_SetUSBAddress
 .text.USBD_LL_Transmit
                0x000000000800ad10       0x46 USB_DEVICE/Target/usbd_conf.o
                0x000000000800ad10                USBD_LL_Transmit
 .text.USBD_LL_PrepareReceive
                0x000000000800ad56       0x46 USB_DEVICE/Target/usbd_conf.o
                0x000000000800ad56                USBD_LL_PrepareReceive
 .text.USBD_LL_GetRxDataSize
                0x000000000800ad9c       0x26 USB_DEVICE/Target/usbd_conf.o
                0x000000000800ad9c                USBD_LL_GetRxDataSize
 *fill*         0x000000000800adc2        0x2 
 .text.USBD_static_malloc
                0x000000000800adc4       0x1c USB_DEVICE/Target/usbd_conf.o
                0x000000000800adc4                USBD_static_malloc
 .text.USBD_static_free
                0x000000000800ade0       0x14 USB_DEVICE/Target/usbd_conf.o
                0x000000000800ade0                USBD_static_free
 .text.HAL_PCDEx_SetConnectionState
                0x000000000800adf4       0x18 USB_DEVICE/Target/usbd_conf.o
                0x000000000800adf4                HAL_PCDEx_SetConnectionState
 .text.USBD_Get_USB_Status
                0x000000000800ae0c       0x58 USB_DEVICE/Target/usbd_conf.o
 .text.__errno  0x000000000800ae64        0xc c:/st/stm32cubeide_1.4.0/stm32cubeide/plugins/com.st.stm32cube.ide.mcu.externaltools.gnu-tools-for-stm32.9-2020-q2-update.win32_1.5.0.202011040924/tools/bin/../lib/gcc/arm-none-eabi/9.3.1/../../../../arm-none-eabi/lib/thumb/v7e-m+fp/hard\libc_nano.a(lib_a-errno.o)
                0x000000000800ae64                __errno
 .text.__libc_init_array
                0x000000000800ae70       0x48 c:/st/stm32cubeide_1.4.0/stm32cubeide/plugins/com.st.stm32cube.ide.mcu.externaltools.gnu-tools-for-stm32.9-2020-q2-update.win32_1.5.0.202011040924/tools/bin/../lib/gcc/arm-none-eabi/9.3.1/../../../../arm-none-eabi/lib/thumb/v7e-m+fp/hard\libc_nano.a(lib_a-init.o)
                0x000000000800ae70                __libc_init_array
 .text.memcpy   0x000000000800aeb8       0x1c c:/st/stm32cubeide_1.4.0/stm32cubeide/plugins/com.st.stm32cube.ide.mcu.externaltools.gnu-tools-for-stm32.9-2020-q2-update.win32_1.5.0.202011040924/tools/bin/../lib/gcc/arm-none-eabi/9.3.1/../../../../arm-none-eabi/lib/thumb/v7e-m+fp/hard\libc_nano.a(lib_a-memcpy-stub.o)
                0x000000000800aeb8                memcpy
 .text.memset   0x000000000800aed4       0x10 c:/st/stm32cubeide_1.4.0/stm32cubeide/plugins/com.st.stm32cube.ide.mcu.externaltools.gnu-tools-for-stm32.9-2020-q2-update.win32_1.5.0.202011040924/tools/bin/../lib/gcc/arm-none-eabi/9.3.1/../../../../arm-none-eabi/lib/thumb/v7e-m+fp/hard\libc_nano.a(lib_a-memset.o)
                0x000000000800aed4                memset
 .text.__cvt    0x000000000800aee4       0xc4 c:/st/stm32cubeide_1.4.0/stm32cubeide/plugins/com.st.stm32cube.ide.mcu.externaltools.gnu-tools-for-stm32.9-2020-q2-update.win32_1.5.0.202011040924/tools/bin/../lib/gcc/arm-none-eabi/9.3.1/../../../../arm-none-eabi/lib/thumb/v7e-m+fp/hard\libc_nano.a(lib_a-nano-vfprintf_float.o)
                0x000000000800aee4                __cvt
 .text.__exponent
                0x000000000800afa8       0x7c c:/st/stm32cubeide_1.4.0/stm32cubeide/plugins/com.st.stm32cube.ide.mcu.externaltools.gnu-tools-for-stm32.9-2020-q2-update.win32_1.5.0.202011040924/tools/bin/../lib/gcc/arm-none-eabi/9.3.1/../../../../arm-none-eabi/lib/thumb/v7e-m+fp/hard\libc_nano.a(lib_a-nano-vfprintf_float.o)
                0x000000000800afa8                __exponent
 .text._printf_float
                0x000000000800b024      0x46c c:/st/stm32cubeide_1.4.0/stm32cubeide/plugins/com.st.stm32cube.ide.mcu.externaltools.gnu-tools-for-stm32.9-2020-q2-update.win32_1.5.0.202011040924/tools/bin/../lib/gcc/arm-none-eabi/9.3.1/../../../../arm-none-eabi/lib/thumb/v7e-m+fp/hard\libc_nano.a(lib_a-nano-vfprintf_float.o)
                0x000000000800b024                _printf_float
 .text._printf_common
                0x000000000800b490       0xda c:/st/stm32cubeide_1.4.0/stm32cubeide/plugins/com.st.stm32cube.ide.mcu.externaltools.gnu-tools-for-stm32.9-2020-q2-update.win32_1.5.0.202011040924/tools/bin/../lib/gcc/arm-none-eabi/9.3.1/../../../../arm-none-eabi/lib/thumb/v7e-m+fp/hard\libc_nano.a(lib_a-nano-vfprintf_i.o)
                0x000000000800b490                _printf_common
 *fill*         0x000000000800b56a        0x2 
 .text._printf_i
                0x000000000800b56c      0x24c c:/st/stm32cubeide_1.4.0/stm32cubeide/plugins/com.st.stm32cube.ide.mcu.externaltools.gnu-tools-for-stm32.9-2020-q2-update.win32_1.5.0.202011040924/tools/bin/../lib/gcc/arm-none-eabi/9.3.1/../../../../arm-none-eabi/lib/thumb/v7e-m+fp/hard\libc_nano.a(lib_a-nano-vfprintf_i.o)
                0x000000000800b56c                _printf_i
 .text.sprintf  0x000000000800b7b8       0x40 c:/st/stm32cubeide_1.4.0/stm32cubeide/plugins/com.st.stm32cube.ide.mcu.externaltools.gnu-tools-for-stm32.9-2020-q2-update.win32_1.5.0.202011040924/tools/bin/../lib/gcc/arm-none-eabi/9.3.1/../../../../arm-none-eabi/lib/thumb/v7e-m+fp/hard\libc_nano.a(lib_a-sprintf.o)
                0x000000000800b7b8                siprintf
                0x000000000800b7b8                sprintf
 .text.strcat   0x000000000800b7f8       0x1e c:/st/stm32cubeide_1.4.0/stm32cubeide/plugins/com.st.stm32cube.ide.mcu.externaltools.gnu-tools-for-stm32.9-2020-q2-update.win32_1.5.0.202011040924/tools/bin/../lib/gcc/arm-none-eabi/9.3.1/../../../../arm-none-eabi/lib/thumb/v7e-m+fp/hard\libc_nano.a(lib_a-strcat.o)
                0x000000000800b7f8                strcat
 .text.strchr   0x000000000800b816       0x1a c:/st/stm32cubeide_1.4.0/stm32cubeide/plugins/com.st.stm32cube.ide.mcu.externaltools.gnu-tools-for-stm32.9-2020-q2-update.win32_1.5.0.202011040924/tools/bin/../lib/gcc/arm-none-eabi/9.3.1/../../../../arm-none-eabi/lib/thumb/v7e-m+fp/hard\libc_nano.a(lib_a-strchr.o)
                0x000000000800b816                strchr
 .text.strncmp  0x000000000800b830       0x24 c:/st/stm32cubeide_1.4.0/stm32cubeide/plugins/com.st.stm32cube.ide.mcu.externaltools.gnu-tools-for-stm32.9-2020-q2-update.win32_1.5.0.202011040924/tools/bin/../lib/gcc/arm-none-eabi/9.3.1/../../../../arm-none-eabi/lib/thumb/v7e-m+fp/hard\libc_nano.a(lib_a-strncmp.o)
                0x000000000800b830                strncmp
 .text.strncpy  0x000000000800b854       0x26 c:/st/stm32cubeide_1.4.0/stm32cubeide/plugins/com.st.stm32cube.ide.mcu.externaltools.gnu-tools-for-stm32.9-2020-q2-update.win32_1.5.0.202011040924/tools/bin/../lib/gcc/arm-none-eabi/9.3.1/../../../../arm-none-eabi/lib/thumb/v7e-m+fp/hard\libc_nano.a(lib_a-strncpy.o)
                0x000000000800b854                strncpy
 *fill*         0x000000000800b87a        0x2 
 .text.strtok   0x000000000800b87c       0x68 c:/st/stm32cubeide_1.4.0/stm32cubeide/plugins/com.st.stm32cube.ide.mcu.externaltools.gnu-tools-for-stm32.9-2020-q2-update.win32_1.5.0.202011040924/tools/bin/../lib/gcc/arm-none-eabi/9.3.1/../../../../arm-none-eabi/lib/thumb/v7e-m+fp/hard\libc_nano.a(lib_a-strtok.o)
                0x000000000800b87c                strtok
 .text.__strtok_r
                0x000000000800b8e4       0x50 c:/st/stm32cubeide_1.4.0/stm32cubeide/plugins/com.st.stm32cube.ide.mcu.externaltools.gnu-tools-for-stm32.9-2020-q2-update.win32_1.5.0.202011040924/tools/bin/../lib/gcc/arm-none-eabi/9.3.1/../../../../arm-none-eabi/lib/thumb/v7e-m+fp/hard\libc_nano.a(lib_a-strtok_r.o)
                0x000000000800b8e4                __strtok_r
 .text.__assert_func
                0x000000000800b934       0x3c c:/st/stm32cubeide_1.4.0/stm32cubeide/plugins/com.st.stm32cube.ide.mcu.externaltools.gnu-tools-for-stm32.9-2020-q2-update.win32_1.5.0.202011040924/tools/bin/../lib/gcc/arm-none-eabi/9.3.1/../../../../arm-none-eabi/lib/thumb/v7e-m+fp/hard\libc_nano.a(lib_a-assert.o)
                0x000000000800b934                __assert_func
 .text.quorem   0x000000000800b970      0x116 c:/st/stm32cubeide_1.4.0/stm32cubeide/plugins/com.st.stm32cube.ide.mcu.externaltools.gnu-tools-for-stm32.9-2020-q2-update.win32_1.5.0.202011040924/tools/bin/../lib/gcc/arm-none-eabi/9.3.1/../../../../arm-none-eabi/lib/thumb/v7e-m+fp/hard\libc_nano.a(lib_a-dtoa.o)
 *fill*         0x000000000800ba86        0x2 
 .text._dtoa_r  0x000000000800ba88      0xbd8 c:/st/stm32cubeide_1.4.0/stm32cubeide/plugins/com.st.stm32cube.ide.mcu.externaltools.gnu-tools-for-stm32.9-2020-q2-update.win32_1.5.0.202011040924/tools/bin/../lib/gcc/arm-none-eabi/9.3.1/../../../../arm-none-eabi/lib/thumb/v7e-m+fp/hard\libc_nano.a(lib_a-dtoa.o)
                0x000000000800ba88                _dtoa_r
 .text.fprintf  0x000000000800c660       0x24 c:/st/stm32cubeide_1.4.0/stm32cubeide/plugins/com.st.stm32cube.ide.mcu.externaltools.gnu-tools-for-stm32.9-2020-q2-update.win32_1.5.0.202011040924/tools/bin/../lib/gcc/arm-none-eabi/9.3.1/../../../../arm-none-eabi/lib/thumb/v7e-m+fp/hard\libc_nano.a(lib_a-fprintf.o)
                0x000000000800c660                fiprintf
                0x000000000800c660                fprintf
 .text._localeconv_r
                0x000000000800c684        0x8 c:/st/stm32cubeide_1.4.0/stm32cubeide/plugins/com.st.stm32cube.ide.mcu.externaltools.gnu-tools-for-stm32.9-2020-q2-update.win32_1.5.0.202011040924/tools/bin/../lib/gcc/arm-none-eabi/9.3.1/../../../../arm-none-eabi/lib/thumb/v7e-m+fp/hard\libc_nano.a(lib_a-localeconv.o)
                0x000000000800c684                _localeconv_r
 .text.malloc   0x000000000800c68c       0x10 c:/st/stm32cubeide_1.4.0/stm32cubeide/plugins/com.st.stm32cube.ide.mcu.externaltools.gnu-tools-for-stm32.9-2020-q2-update.win32_1.5.0.202011040924/tools/bin/../lib/gcc/arm-none-eabi/9.3.1/../../../../arm-none-eabi/lib/thumb/v7e-m+fp/hard\libc_nano.a(lib_a-malloc.o)
                0x000000000800c68c                malloc
 .text._Balloc  0x000000000800c69c       0x80 c:/st/stm32cubeide_1.4.0/stm32cubeide/plugins/com.st.stm32cube.ide.mcu.externaltools.gnu-tools-for-stm32.9-2020-q2-update.win32_1.5.0.202011040924/tools/bin/../lib/gcc/arm-none-eabi/9.3.1/../../../../arm-none-eabi/lib/thumb/v7e-m+fp/hard\libc_nano.a(lib_a-mprec.o)
                0x000000000800c69c                _Balloc
 .text._Bfree   0x000000000800c71c       0x44 c:/st/stm32cubeide_1.4.0/stm32cubeide/plugins/com.st.stm32cube.ide.mcu.externaltools.gnu-tools-for-stm32.9-2020-q2-update.win32_1.5.0.202011040924/tools/bin/../lib/gcc/arm-none-eabi/9.3.1/../../../../arm-none-eabi/lib/thumb/v7e-m+fp/hard\libc_nano.a(lib_a-mprec.o)
                0x000000000800c71c                _Bfree
 .text.__multadd
                0x000000000800c760       0x94 c:/st/stm32cubeide_1.4.0/stm32cubeide/plugins/com.st.stm32cube.ide.mcu.externaltools.gnu-tools-for-stm32.9-2020-q2-update.win32_1.5.0.202011040924/tools/bin/../lib/gcc/arm-none-eabi/9.3.1/../../../../arm-none-eabi/lib/thumb/v7e-m+fp/hard\libc_nano.a(lib_a-mprec.o)
                0x000000000800c760                __multadd
 .text.__hi0bits
                0x000000000800c7f4       0x40 c:/st/stm32cubeide_1.4.0/stm32cubeide/plugins/com.st.stm32cube.ide.mcu.externaltools.gnu-tools-for-stm32.9-2020-q2-update.win32_1.5.0.202011040924/tools/bin/../lib/gcc/arm-none-eabi/9.3.1/../../../../arm-none-eabi/lib/thumb/v7e-m+fp/hard\libc_nano.a(lib_a-mprec.o)
                0x000000000800c7f4                __hi0bits
 .text.__lo0bits
                0x000000000800c834       0x60 c:/st/stm32cubeide_1.4.0/stm32cubeide/plugins/com.st.stm32cube.ide.mcu.externaltools.gnu-tools-for-stm32.9-2020-q2-update.win32_1.5.0.202011040924/tools/bin/../lib/gcc/arm-none-eabi/9.3.1/../../../../arm-none-eabi/lib/thumb/v7e-m+fp/hard\libc_nano.a(lib_a-mprec.o)
                0x000000000800c834                __lo0bits
 .text.__i2b    0x000000000800c894       0x2c c:/st/stm32cubeide_1.4.0/stm32cubeide/plugins/com.st.stm32cube.ide.mcu.externaltools.gnu-tools-for-stm32.9-2020-q2-update.win32_1.5.0.202011040924/tools/bin/../lib/gcc/arm-none-eabi/9.3.1/../../../../arm-none-eabi/lib/thumb/v7e-m+fp/hard\libc_nano.a(lib_a-mprec.o)
                0x000000000800c894                __i2b
 .text.__multiply
                0x000000000800c8c0      0x14c c:/st/stm32cubeide_1.4.0/stm32cubeide/plugins/com.st.stm32cube.ide.mcu.externaltools.gnu-tools-for-stm32.9-2020-q2-update.win32_1.5.0.202011040924/tools/bin/../lib/gcc/arm-none-eabi/9.3.1/../../../../arm-none-eabi/lib/thumb/v7e-m+fp/hard\libc_nano.a(lib_a-mprec.o)
                0x000000000800c8c0                __multiply
 .text.__pow5mult
                0x000000000800ca0c       0xb4 c:/st/stm32cubeide_1.4.0/stm32cubeide/plugins/com.st.stm32cube.ide.mcu.externaltools.gnu-tools-for-stm32.9-2020-q2-update.win32_1.5.0.202011040924/tools/bin/../lib/gcc/arm-none-eabi/9.3.1/../../../../arm-none-eabi/lib/thumb/v7e-m+fp/hard\libc_nano.a(lib_a-mprec.o)
                0x000000000800ca0c                __pow5mult
 .text.__lshift
                0x000000000800cac0       0xd8 c:/st/stm32cubeide_1.4.0/stm32cubeide/plugins/com.st.stm32cube.ide.mcu.externaltools.gnu-tools-for-stm32.9-2020-q2-update.win32_1.5.0.202011040924/tools/bin/../lib/gcc/arm-none-eabi/9.3.1/../../../../arm-none-eabi/lib/thumb/v7e-m+fp/hard\libc_nano.a(lib_a-mprec.o)
                0x000000000800cac0                __lshift
 .text.__mcmp   0x000000000800cb98       0x38 c:/st/stm32cubeide_1.4.0/stm32cubeide/plugins/com.st.stm32cube.ide.mcu.externaltools.gnu-tools-for-stm32.9-2020-q2-update.win32_1.5.0.202011040924/tools/bin/../lib/gcc/arm-none-eabi/9.3.1/../../../../arm-none-eabi/lib/thumb/v7e-m+fp/hard\libc_nano.a(lib_a-mprec.o)
                0x000000000800cb98                __mcmp
 .text.__mdiff  0x000000000800cbd0      0x110 c:/st/stm32cubeide_1.4.0/stm32cubeide/plugins/com.st.stm32cube.ide.mcu.externaltools.gnu-tools-for-stm32.9-2020-q2-update.win32_1.5.0.202011040924/tools/bin/../lib/gcc/arm-none-eabi/9.3.1/../../../../arm-none-eabi/lib/thumb/v7e-m+fp/hard\libc_nano.a(lib_a-mprec.o)
                0x000000000800cbd0                __mdiff
 .text.__d2b    0x000000000800cce0       0xb8 c:/st/stm32cubeide_1.4.0/stm32cubeide/plugins/com.st.stm32cube.ide.mcu.externaltools.gnu-tools-for-stm32.9-2020-q2-update.win32_1.5.0.202011040924/tools/bin/../lib/gcc/arm-none-eabi/9.3.1/../../../../arm-none-eabi/lib/thumb/v7e-m+fp/hard\libc_nano.a(lib_a-mprec.o)
                0x000000000800cce0                __d2b
 .text._calloc_r
                0x000000000800cd98       0x1e c:/st/stm32cubeide_1.4.0/stm32cubeide/plugins/com.st.stm32cube.ide.mcu.externaltools.gnu-tools-for-stm32.9-2020-q2-update.win32_1.5.0.202011040924/tools/bin/../lib/gcc/arm-none-eabi/9.3.1/../../../../arm-none-eabi/lib/thumb/v7e-m+fp/hard\libc_nano.a(lib_a-nano-callocr.o)
                0x000000000800cd98                _calloc_r
 *fill*         0x000000000800cdb6        0x2 
 .text._free_r  0x000000000800cdb8       0xa0 c:/st/stm32cubeide_1.4.0/stm32cubeide/plugins/com.st.stm32cube.ide.mcu.externaltools.gnu-tools-for-stm32.9-2020-q2-update.win32_1.5.0.202011040924/tools/bin/../lib/gcc/arm-none-eabi/9.3.1/../../../../arm-none-eabi/lib/thumb/v7e-m+fp/hard\libc_nano.a(lib_a-nano-freer.o)
                0x000000000800cdb8                _free_r
 .text._malloc_r
                0x000000000800ce58       0xb4 c:/st/stm32cubeide_1.4.0/stm32cubeide/plugins/com.st.stm32cube.ide.mcu.externaltools.gnu-tools-for-stm32.9-2020-q2-update.win32_1.5.0.202011040924/tools/bin/../lib/gcc/arm-none-eabi/9.3.1/../../../../arm-none-eabi/lib/thumb/v7e-m+fp/hard\libc_nano.a(lib_a-nano-mallocr.o)
                0x000000000800ce58                _malloc_r
 .text.__ssputs_r
                0x000000000800cf0c       0xb6 c:/st/stm32cubeide_1.4.0/stm32cubeide/plugins/com.st.stm32cube.ide.mcu.externaltools.gnu-tools-for-stm32.9-2020-q2-update.win32_1.5.0.202011040924/tools/bin/../lib/gcc/arm-none-eabi/9.3.1/../../../../arm-none-eabi/lib/thumb/v7e-m+fp/hard\libc_nano.a(lib_a-nano-svfprintf.o)
                0x000000000800cf0c                __ssputs_r
 *fill*         0x000000000800cfc2        0x2 
 .text._svfprintf_r
                0x000000000800cfc4      0x200 c:/st/stm32cubeide_1.4.0/stm32cubeide/plugins/com.st.stm32cube.ide.mcu.externaltools.gnu-tools-for-stm32.9-2020-q2-update.win32_1.5.0.202011040924/tools/bin/../lib/gcc/arm-none-eabi/9.3.1/../../../../arm-none-eabi/lib/thumb/v7e-m+fp/hard\libc_nano.a(lib_a-nano-svfprintf.o)
                0x000000000800cfc4                _svfiprintf_r
                0x000000000800cfc4                _svfprintf_r
 .text.__sfputc_r
                0x000000000800d1c4       0x2e c:/st/stm32cubeide_1.4.0/stm32cubeide/plugins/com.st.stm32cube.ide.mcu.externaltools.gnu-tools-for-stm32.9-2020-q2-update.win32_1.5.0.202011040924/tools/bin/../lib/gcc/arm-none-eabi/9.3.1/../../../../arm-none-eabi/lib/thumb/v7e-m+fp/hard\libc_nano.a(lib_a-nano-vfprintf.o)
 .text.__sfputs_r
                0x000000000800d1f2       0x24 c:/st/stm32cubeide_1.4.0/stm32cubeide/plugins/com.st.stm32cube.ide.mcu.externaltools.gnu-tools-for-stm32.9-2020-q2-update.win32_1.5.0.202011040924/tools/bin/../lib/gcc/arm-none-eabi/9.3.1/../../../../arm-none-eabi/lib/thumb/v7e-m+fp/hard\libc_nano.a(lib_a-nano-vfprintf.o)
                0x000000000800d1f2                __sfputs_r
 *fill*         0x000000000800d216        0x2 
 .text._vfprintf_r
                0x000000000800d218      0x260 c:/st/stm32cubeide_1.4.0/stm32cubeide/plugins/com.st.stm32cube.ide.mcu.externaltools.gnu-tools-for-stm32.9-2020-q2-update.win32_1.5.0.202011040924/tools/bin/../lib/gcc/arm-none-eabi/9.3.1/../../../../arm-none-eabi/lib/thumb/v7e-m+fp/hard\libc_nano.a(lib_a-nano-vfprintf.o)
                0x000000000800d218                _vfprintf_r
                0x000000000800d218                _vfiprintf_r
 .text._sbrk_r  0x000000000800d478       0x20 c:/st/stm32cubeide_1.4.0/stm32cubeide/plugins/com.st.stm32cube.ide.mcu.externaltools.gnu-tools-for-stm32.9-2020-q2-update.win32_1.5.0.202011040924/tools/bin/../lib/gcc/arm-none-eabi/9.3.1/../../../../arm-none-eabi/lib/thumb/v7e-m+fp/hard\libc_nano.a(lib_a-sbrkr.o)
                0x000000000800d478                _sbrk_r
 .text.__swbuf_r
                0x000000000800d498       0xa4 c:/st/stm32cubeide_1.4.0/stm32cubeide/plugins/com.st.stm32cube.ide.mcu.externaltools.gnu-tools-for-stm32.9-2020-q2-update.win32_1.5.0.202011040924/tools/bin/../lib/gcc/arm-none-eabi/9.3.1/../../../../arm-none-eabi/lib/thumb/v7e-m+fp/hard\libc_nano.a(lib_a-wbuf.o)
                0x000000000800d498                __swbuf_r
 .text.__swsetup_r
                0x000000000800d53c       0xdc c:/st/stm32cubeide_1.4.0/stm32cubeide/plugins/com.st.stm32cube.ide.mcu.externaltools.gnu-tools-for-stm32.9-2020-q2-update.win32_1.5.0.202011040924/tools/bin/../lib/gcc/arm-none-eabi/9.3.1/../../../../arm-none-eabi/lib/thumb/v7e-m+fp/hard\libc_nano.a(lib_a-wsetup.o)
                0x000000000800d53c                __swsetup_r
 .text.abort    0x000000000800d618        0xe c:/st/stm32cubeide_1.4.0/stm32cubeide/plugins/com.st.stm32cube.ide.mcu.externaltools.gnu-tools-for-stm32.9-2020-q2-update.win32_1.5.0.202011040924/tools/bin/../lib/gcc/arm-none-eabi/9.3.1/../../../../arm-none-eabi/lib/thumb/v7e-m+fp/hard\libc_nano.a(lib_a-abort.o)
                0x000000000800d618                abort
 *fill*         0x000000000800d626        0x2 
 .text.__sflush_r
                0x000000000800d628      0x10c c:/st/stm32cubeide_1.4.0/stm32cubeide/plugins/com.st.stm32cube.ide.mcu.externaltools.gnu-tools-for-stm32.9-2020-q2-update.win32_1.5.0.202011040924/tools/bin/../lib/gcc/arm-none-eabi/9.3.1/../../../../arm-none-eabi/lib/thumb/v7e-m+fp/hard\libc_nano.a(lib_a-fflush.o)
                0x000000000800d628                __sflush_r
 .text._fflush_r
                0x000000000800d734       0x78 c:/st/stm32cubeide_1.4.0/stm32cubeide/plugins/com.st.stm32cube.ide.mcu.externaltools.gnu-tools-for-stm32.9-2020-q2-update.win32_1.5.0.202011040924/tools/bin/../lib/gcc/arm-none-eabi/9.3.1/../../../../arm-none-eabi/lib/thumb/v7e-m+fp/hard\libc_nano.a(lib_a-fflush.o)
                0x000000000800d734                _fflush_r
 .text.std      0x000000000800d7ac       0x48 c:/st/stm32cubeide_1.4.0/stm32cubeide/plugins/com.st.stm32cube.ide.mcu.externaltools.gnu-tools-for-stm32.9-2020-q2-update.win32_1.5.0.202011040924/tools/bin/../lib/gcc/arm-none-eabi/9.3.1/../../../../arm-none-eabi/lib/thumb/v7e-m+fp/hard\libc_nano.a(lib_a-findfp.o)
 .text._cleanup_r
                0x000000000800d7f4        0xc c:/st/stm32cubeide_1.4.0/stm32cubeide/plugins/com.st.stm32cube.ide.mcu.externaltools.gnu-tools-for-stm32.9-2020-q2-update.win32_1.5.0.202011040924/tools/bin/../lib/gcc/arm-none-eabi/9.3.1/../../../../arm-none-eabi/lib/thumb/v7e-m+fp/hard\libc_nano.a(lib_a-findfp.o)
                0x000000000800d7f4                _cleanup_r
 .text.__sfmoreglue
                0x000000000800d800       0x2c c:/st/stm32cubeide_1.4.0/stm32cubeide/plugins/com.st.stm32cube.ide.mcu.externaltools.gnu-tools-for-stm32.9-2020-q2-update.win32_1.5.0.202011040924/tools/bin/../lib/gcc/arm-none-eabi/9.3.1/../../../../arm-none-eabi/lib/thumb/v7e-m+fp/hard\libc_nano.a(lib_a-findfp.o)
                0x000000000800d800                __sfmoreglue
 .text.__sfp_lock_acquire
                0x000000000800d82c        0xc c:/st/stm32cubeide_1.4.0/stm32cubeide/plugins/com.st.stm32cube.ide.mcu.externaltools.gnu-tools-for-stm32.9-2020-q2-update.win32_1.5.0.202011040924/tools/bin/../lib/gcc/arm-none-eabi/9.3.1/../../../../arm-none-eabi/lib/thumb/v7e-m+fp/hard\libc_nano.a(lib_a-findfp.o)
                0x000000000800d82c                __sfp_lock_acquire
 .text.__sfp_lock_release
                0x000000000800d838        0xc c:/st/stm32cubeide_1.4.0/stm32cubeide/plugins/com.st.stm32cube.ide.mcu.externaltools.gnu-tools-for-stm32.9-2020-q2-update.win32_1.5.0.202011040924/tools/bin/../lib/gcc/arm-none-eabi/9.3.1/../../../../arm-none-eabi/lib/thumb/v7e-m+fp/hard\libc_nano.a(lib_a-findfp.o)
                0x000000000800d838                __sfp_lock_release
 .text.__sinit_lock_acquire
                0x000000000800d844        0xc c:/st/stm32cubeide_1.4.0/stm32cubeide/plugins/com.st.stm32cube.ide.mcu.externaltools.gnu-tools-for-stm32.9-2020-q2-update.win32_1.5.0.202011040924/tools/bin/../lib/gcc/arm-none-eabi/9.3.1/../../../../arm-none-eabi/lib/thumb/v7e-m+fp/hard\libc_nano.a(lib_a-findfp.o)
                0x000000000800d844                __sinit_lock_acquire
 .text.__sinit_lock_release
                0x000000000800d850        0xc c:/st/stm32cubeide_1.4.0/stm32cubeide/plugins/com.st.stm32cube.ide.mcu.externaltools.gnu-tools-for-stm32.9-2020-q2-update.win32_1.5.0.202011040924/tools/bin/../lib/gcc/arm-none-eabi/9.3.1/../../../../arm-none-eabi/lib/thumb/v7e-m+fp/hard\libc_nano.a(lib_a-findfp.o)
                0x000000000800d850                __sinit_lock_release
 .text.__sinit  0x000000000800d85c       0x70 c:/st/stm32cubeide_1.4.0/stm32cubeide/plugins/com.st.stm32cube.ide.mcu.externaltools.gnu-tools-for-stm32.9-2020-q2-update.win32_1.5.0.202011040924/tools/bin/../lib/gcc/arm-none-eabi/9.3.1/../../../../arm-none-eabi/lib/thumb/v7e-m+fp/hard\libc_nano.a(lib_a-findfp.o)
                0x000000000800d85c                __sinit
 .text.__sfp    0x000000000800d8cc       0x8c c:/st/stm32cubeide_1.4.0/stm32cubeide/plugins/com.st.stm32cube.ide.mcu.externaltools.gnu-tools-for-stm32.9-2020-q2-update.win32_1.5.0.202011040924/tools/bin/../lib/gcc/arm-none-eabi/9.3.1/../../../../arm-none-eabi/lib/thumb/v7e-m+fp/hard\libc_nano.a(lib_a-findfp.o)
                0x000000000800d8cc                __sfp
 .text._fwalk_reent
                0x000000000800d958       0x3e c:/st/stm32cubeide_1.4.0/stm32cubeide/plugins/com.st.stm32cube.ide.mcu.externaltools.gnu-tools-for-stm32.9-2020-q2-update.win32_1.5.0.202011040924/tools/bin/../lib/gcc/arm-none-eabi/9.3.1/../../../../arm-none-eabi/lib/thumb/v7e-m+fp/hard\libc_nano.a(lib_a-fwalk.o)
                0x000000000800d958                _fwalk_reent
 .text.__retarget_lock_init_recursive
                0x000000000800d996        0x2 c:/st/stm32cubeide_1.4.0/stm32cubeide/plugins/com.st.stm32cube.ide.mcu.externaltools.gnu-tools-for-stm32.9-2020-q2-update.win32_1.5.0.202011040924/tools/bin/../lib/gcc/arm-none-eabi/9.3.1/../../../../arm-none-eabi/lib/thumb/v7e-m+fp/hard\libc_nano.a(lib_a-lock.o)
                0x000000000800d996                __retarget_lock_init_recursive
 .text.__retarget_lock_acquire_recursive
                0x000000000800d998        0x2 c:/st/stm32cubeide_1.4.0/stm32cubeide/plugins/com.st.stm32cube.ide.mcu.externaltools.gnu-tools-for-stm32.9-2020-q2-update.win32_1.5.0.202011040924/tools/bin/../lib/gcc/arm-none-eabi/9.3.1/../../../../arm-none-eabi/lib/thumb/v7e-m+fp/hard\libc_nano.a(lib_a-lock.o)
                0x000000000800d998                __retarget_lock_acquire_recursive
 .text.__retarget_lock_release_recursive
                0x000000000800d99a        0x2 c:/st/stm32cubeide_1.4.0/stm32cubeide/plugins/com.st.stm32cube.ide.mcu.externaltools.gnu-tools-for-stm32.9-2020-q2-update.win32_1.5.0.202011040924/tools/bin/../lib/gcc/arm-none-eabi/9.3.1/../../../../arm-none-eabi/lib/thumb/v7e-m+fp/hard\libc_nano.a(lib_a-lock.o)
                0x000000000800d99a                __retarget_lock_release_recursive
 .text.__swhatbuf_r
                0x000000000800d99c       0x48 c:/st/stm32cubeide_1.4.0/stm32cubeide/plugins/com.st.stm32cube.ide.mcu.externaltools.gnu-tools-for-stm32.9-2020-q2-update.win32_1.5.0.202011040924/tools/bin/../lib/gcc/arm-none-eabi/9.3.1/../../../../arm-none-eabi/lib/thumb/v7e-m+fp/hard\libc_nano.a(lib_a-makebuf.o)
                0x000000000800d99c                __swhatbuf_r
 .text.__smakebuf_r
                0x000000000800d9e4       0x80 c:/st/stm32cubeide_1.4.0/stm32cubeide/plugins/com.st.stm32cube.ide.mcu.externaltools.gnu-tools-for-stm32.9-2020-q2-update.win32_1.5.0.202011040924/tools/bin/../lib/gcc/arm-none-eabi/9.3.1/../../../../arm-none-eabi/lib/thumb/v7e-m+fp/hard\libc_nano.a(lib_a-makebuf.o)
                0x000000000800d9e4                __smakebuf_r
 .text.__ascii_mbtowc
                0x000000000800da64       0x24 c:/st/stm32cubeide_1.4.0/stm32cubeide/plugins/com.st.stm32cube.ide.mcu.externaltools.gnu-tools-for-stm32.9-2020-q2-update.win32_1.5.0.202011040924/tools/bin/../lib/gcc/arm-none-eabi/9.3.1/../../../../arm-none-eabi/lib/thumb/v7e-m+fp/hard\libc_nano.a(lib_a-mbtowc_r.o)
                0x000000000800da64                __ascii_mbtowc
 .text.memmove  0x000000000800da88       0x34 c:/st/stm32cubeide_1.4.0/stm32cubeide/plugins/com.st.stm32cube.ide.mcu.externaltools.gnu-tools-for-stm32.9-2020-q2-update.win32_1.5.0.202011040924/tools/bin/../lib/gcc/arm-none-eabi/9.3.1/../../../../arm-none-eabi/lib/thumb/v7e-m+fp/hard\libc_nano.a(lib_a-memmove.o)
                0x000000000800da88                memmove
 .text.__malloc_lock
                0x000000000800dabc        0xc c:/st/stm32cubeide_1.4.0/stm32cubeide/plugins/com.st.stm32cube.ide.mcu.externaltools.gnu-tools-for-stm32.9-2020-q2-update.win32_1.5.0.202011040924/tools/bin/../lib/gcc/arm-none-eabi/9.3.1/../../../../arm-none-eabi/lib/thumb/v7e-m+fp/hard\libc_nano.a(lib_a-mlock.o)
                0x000000000800dabc                __malloc_lock
 .text.__malloc_unlock
                0x000000000800dac8        0xc c:/st/stm32cubeide_1.4.0/stm32cubeide/plugins/com.st.stm32cube.ide.mcu.externaltools.gnu-tools-for-stm32.9-2020-q2-update.win32_1.5.0.202011040924/tools/bin/../lib/gcc/arm-none-eabi/9.3.1/../../../../arm-none-eabi/lib/thumb/v7e-m+fp/hard\libc_nano.a(lib_a-mlock.o)
                0x000000000800dac8                __malloc_unlock
 .text._realloc_r
                0x000000000800dad4       0x4c c:/st/stm32cubeide_1.4.0/stm32cubeide/plugins/com.st.stm32cube.ide.mcu.externaltools.gnu-tools-for-stm32.9-2020-q2-update.win32_1.5.0.202011040924/tools/bin/../lib/gcc/arm-none-eabi/9.3.1/../../../../arm-none-eabi/lib/thumb/v7e-m+fp/hard\libc_nano.a(lib_a-nano-reallocr.o)
                0x000000000800dad4                _realloc_r
 .text._raise_r
                0x000000000800db20       0x50 c:/st/stm32cubeide_1.4.0/stm32cubeide/plugins/com.st.stm32cube.ide.mcu.externaltools.gnu-tools-for-stm32.9-2020-q2-update.win32_1.5.0.202011040924/tools/bin/../lib/gcc/arm-none-eabi/9.3.1/../../../../arm-none-eabi/lib/thumb/v7e-m+fp/hard\libc_nano.a(lib_a-signal.o)
                0x000000000800db20                _raise_r
 .text.raise    0x000000000800db70       0x10 c:/st/stm32cubeide_1.4.0/stm32cubeide/plugins/com.st.stm32cube.ide.mcu.externaltools.gnu-tools-for-stm32.9-2020-q2-update.win32_1.5.0.202011040924/tools/bin/../lib/gcc/arm-none-eabi/9.3.1/../../../../arm-none-eabi/lib/thumb/v7e-m+fp/hard\libc_nano.a(lib_a-signal.o)
                0x000000000800db70                raise
 .text._kill_r  0x000000000800db80       0x24 c:/st/stm32cubeide_1.4.0/stm32cubeide/plugins/com.st.stm32cube.ide.mcu.externaltools.gnu-tools-for-stm32.9-2020-q2-update.win32_1.5.0.202011040924/tools/bin/../lib/gcc/arm-none-eabi/9.3.1/../../../../arm-none-eabi/lib/thumb/v7e-m+fp/hard\libc_nano.a(lib_a-signalr.o)
                0x000000000800db80                _kill_r
 .text._getpid_r
                0x000000000800dba4        0x4 c:/st/stm32cubeide_1.4.0/stm32cubeide/plugins/com.st.stm32cube.ide.mcu.externaltools.gnu-tools-for-stm32.9-2020-q2-update.win32_1.5.0.202011040924/tools/bin/../lib/gcc/arm-none-eabi/9.3.1/../../../../arm-none-eabi/lib/thumb/v7e-m+fp/hard\libc_nano.a(lib_a-signalr.o)
                0x000000000800dba4                _getpid_r
 .text.__sread  0x000000000800dba8       0x22 c:/st/stm32cubeide_1.4.0/stm32cubeide/plugins/com.st.stm32cube.ide.mcu.externaltools.gnu-tools-for-stm32.9-2020-q2-update.win32_1.5.0.202011040924/tools/bin/../lib/gcc/arm-none-eabi/9.3.1/../../../../arm-none-eabi/lib/thumb/v7e-m+fp/hard\libc_nano.a(lib_a-stdio.o)
                0x000000000800dba8                __sread
 .text.__swrite
                0x000000000800dbca       0x38 c:/st/stm32cubeide_1.4.0/stm32cubeide/plugins/com.st.stm32cube.ide.mcu.externaltools.gnu-tools-for-stm32.9-2020-q2-update.win32_1.5.0.202011040924/tools/bin/../lib/gcc/arm-none-eabi/9.3.1/../../../../arm-none-eabi/lib/thumb/v7e-m+fp/hard\libc_nano.a(lib_a-stdio.o)
                0x000000000800dbca                __swrite
 .text.__sseek  0x000000000800dc02       0x24 c:/st/stm32cubeide_1.4.0/stm32cubeide/plugins/com.st.stm32cube.ide.mcu.externaltools.gnu-tools-for-stm32.9-2020-q2-update.win32_1.5.0.202011040924/tools/bin/../lib/gcc/arm-none-eabi/9.3.1/../../../../arm-none-eabi/lib/thumb/v7e-m+fp/hard\libc_nano.a(lib_a-stdio.o)
                0x000000000800dc02                __sseek
 .text.__sclose
                0x000000000800dc26        0x8 c:/st/stm32cubeide_1.4.0/stm32cubeide/plugins/com.st.stm32cube.ide.mcu.externaltools.gnu-tools-for-stm32.9-2020-q2-update.win32_1.5.0.202011040924/tools/bin/../lib/gcc/arm-none-eabi/9.3.1/../../../../arm-none-eabi/lib/thumb/v7e-m+fp/hard\libc_nano.a(lib_a-stdio.o)
                0x000000000800dc26                __sclose
 .text.__ascii_wctomb
                0x000000000800dc2e       0x1a c:/st/stm32cubeide_1.4.0/stm32cubeide/plugins/com.st.stm32cube.ide.mcu.externaltools.gnu-tools-for-stm32.9-2020-q2-update.win32_1.5.0.202011040924/tools/bin/../lib/gcc/arm-none-eabi/9.3.1/../../../../arm-none-eabi/lib/thumb/v7e-m+fp/hard\libc_nano.a(lib_a-wctomb_r.o)
                0x000000000800dc2e                __ascii_wctomb
 .text._write_r
                0x000000000800dc48       0x24 c:/st/stm32cubeide_1.4.0/stm32cubeide/plugins/com.st.stm32cube.ide.mcu.externaltools.gnu-tools-for-stm32.9-2020-q2-update.win32_1.5.0.202011040924/tools/bin/../lib/gcc/arm-none-eabi/9.3.1/../../../../arm-none-eabi/lib/thumb/v7e-m+fp/hard\libc_nano.a(lib_a-writer.o)
                0x000000000800dc48                _write_r
 .text._close_r
                0x000000000800dc6c       0x20 c:/st/stm32cubeide_1.4.0/stm32cubeide/plugins/com.st.stm32cube.ide.mcu.externaltools.gnu-tools-for-stm32.9-2020-q2-update.win32_1.5.0.202011040924/tools/bin/../lib/gcc/arm-none-eabi/9.3.1/../../../../arm-none-eabi/lib/thumb/v7e-m+fp/hard\libc_nano.a(lib_a-closer.o)
                0x000000000800dc6c                _close_r
 .text._fstat_r
                0x000000000800dc8c       0x24 c:/st/stm32cubeide_1.4.0/stm32cubeide/plugins/com.st.stm32cube.ide.mcu.externaltools.gnu-tools-for-stm32.9-2020-q2-update.win32_1.5.0.202011040924/tools/bin/../lib/gcc/arm-none-eabi/9.3.1/../../../../arm-none-eabi/lib/thumb/v7e-m+fp/hard\libc_nano.a(lib_a-fstatr.o)
                0x000000000800dc8c                _fstat_r
 .text._isatty_r
                0x000000000800dcb0       0x20 c:/st/stm32cubeide_1.4.0/stm32cubeide/plugins/com.st.stm32cube.ide.mcu.externaltools.gnu-tools-for-stm32.9-2020-q2-update.win32_1.5.0.202011040924/tools/bin/../lib/gcc/arm-none-eabi/9.3.1/../../../../arm-none-eabi/lib/thumb/v7e-m+fp/hard\libc_nano.a(lib_a-isattyr.o)
                0x000000000800dcb0                _isatty_r
 .text._lseek_r
                0x000000000800dcd0       0x24 c:/st/stm32cubeide_1.4.0/stm32cubeide/plugins/com.st.stm32cube.ide.mcu.externaltools.gnu-tools-for-stm32.9-2020-q2-update.win32_1.5.0.202011040924/tools/bin/../lib/gcc/arm-none-eabi/9.3.1/../../../../arm-none-eabi/lib/thumb/v7e-m+fp/hard\libc_nano.a(lib_a-lseekr.o)
                0x000000000800dcd0                _lseek_r
 .text._malloc_usable_size_r
                0x000000000800dcf4       0x10 c:/st/stm32cubeide_1.4.0/stm32cubeide/plugins/com.st.stm32cube.ide.mcu.externaltools.gnu-tools-for-stm32.9-2020-q2-update.win32_1.5.0.202011040924/tools/bin/../lib/gcc/arm-none-eabi/9.3.1/../../../../arm-none-eabi/lib/thumb/v7e-m+fp/hard\libc_nano.a(lib_a-nano-msizer.o)
                0x000000000800dcf4                _malloc_usable_size_r
 .text._read_r  0x000000000800dd04       0x24 c:/st/stm32cubeide_1.4.0/stm32cubeide/plugins/com.st.stm32cube.ide.mcu.externaltools.gnu-tools-for-stm32.9-2020-q2-update.win32_1.5.0.202011040924/tools/bin/../lib/gcc/arm-none-eabi/9.3.1/../../../../arm-none-eabi/lib/thumb/v7e-m+fp/hard\libc_nano.a(lib_a-readr.o)
                0x000000000800dd04                _read_r
 *(.glue_7)
 .glue_7        0x000000000800dd28        0x0 linker stubs
 *(.glue_7t)
 .glue_7t       0x000000000800dd28        0x0 linker stubs
 *(.eh_frame)
 .eh_frame      0x000000000800dd28        0x0 c:/st/stm32cubeide_1.4.0/stm32cubeide/plugins/com.st.stm32cube.ide.mcu.externaltools.gnu-tools-for-stm32.9-2020-q2-update.win32_1.5.0.202011040924/tools/bin/../lib/gcc/arm-none-eabi/9.3.1/thumb/v7e-m+fp/hard/crtbegin.o
 *(.init)
 .init          0x000000000800dd28        0x4 c:/st/stm32cubeide_1.4.0/stm32cubeide/plugins/com.st.stm32cube.ide.mcu.externaltools.gnu-tools-for-stm32.9-2020-q2-update.win32_1.5.0.202011040924/tools/bin/../lib/gcc/arm-none-eabi/9.3.1/thumb/v7e-m+fp/hard/crti.o
                0x000000000800dd28                _init
 .init          0x000000000800dd2c        0x8 c:/st/stm32cubeide_1.4.0/stm32cubeide/plugins/com.st.stm32cube.ide.mcu.externaltools.gnu-tools-for-stm32.9-2020-q2-update.win32_1.5.0.202011040924/tools/bin/../lib/gcc/arm-none-eabi/9.3.1/thumb/v7e-m+fp/hard/crtn.o
 *(.fini)
 .fini          0x000000000800dd34        0x4 c:/st/stm32cubeide_1.4.0/stm32cubeide/plugins/com.st.stm32cube.ide.mcu.externaltools.gnu-tools-for-stm32.9-2020-q2-update.win32_1.5.0.202011040924/tools/bin/../lib/gcc/arm-none-eabi/9.3.1/thumb/v7e-m+fp/hard/crti.o
                0x000000000800dd34                _fini
 .fini          0x000000000800dd38        0x8 c:/st/stm32cubeide_1.4.0/stm32cubeide/plugins/com.st.stm32cube.ide.mcu.externaltools.gnu-tools-for-stm32.9-2020-q2-update.win32_1.5.0.202011040924/tools/bin/../lib/gcc/arm-none-eabi/9.3.1/thumb/v7e-m+fp/hard/crtn.o
                0x000000000800dd40                . = ALIGN (0x4)
                0x000000000800dd40                _etext = .

.vfp11_veneer   0x000000000800dd40        0x0
 .vfp11_veneer  0x000000000800dd40        0x0 linker stubs

.v4_bx          0x000000000800dd40        0x0
 .v4_bx         0x000000000800dd40        0x0 linker stubs

.iplt           0x000000000800dd40        0x0
 .iplt          0x000000000800dd40        0x0 c:/st/stm32cubeide_1.4.0/stm32cubeide/plugins/com.st.stm32cube.ide.mcu.externaltools.gnu-tools-for-stm32.9-2020-q2-update.win32_1.5.0.202011040924/tools/bin/../lib/gcc/arm-none-eabi/9.3.1/thumb/v7e-m+fp/hard/crtbegin.o

.rodata         0x000000000800dd40      0x6e4
                0x000000000800dd40                . = ALIGN (0x4)
 *(.rodata)
 .rodata        0x000000000800dd40      0x211 Core/Src/terminal.o
 *fill*         0x000000000800df51        0x3 
 .rodata        0x000000000800df54        0xc Core/Src/utils.o
 .rodata        0x000000000800df60       0x46 USB_DEVICE/App/usbd_desc.o
 *(.rodata*)
 *fill*         0x000000000800dfa6        0x2 
 .rodata.AHBPrescTable
                0x000000000800dfa8       0x10 Core/Src/system_stm32f3xx.o
                0x000000000800dfa8                AHBPrescTable
 .rodata.aPLLMULFactorTable
                0x000000000800dfb8       0x10 Drivers/STM32F3xx_HAL_Driver/Src/stm32f3xx_hal_rcc.o
                0x000000000800dfb8                aPLLMULFactorTable
 .rodata.aPredivFactorTable
                0x000000000800dfc8       0x10 Drivers/STM32F3xx_HAL_Driver/Src/stm32f3xx_hal_rcc.o
                0x000000000800dfc8                aPredivFactorTable
 .rodata._global_impure_ptr
                0x000000000800dfd8        0x4 c:/st/stm32cubeide_1.4.0/stm32cubeide/plugins/com.st.stm32cube.ide.mcu.externaltools.gnu-tools-for-stm32.9-2020-q2-update.win32_1.5.0.202011040924/tools/bin/../lib/gcc/arm-none-eabi/9.3.1/../../../../arm-none-eabi/lib/thumb/v7e-m+fp/hard\libc_nano.a(lib_a-impure.o)
                0x000000000800dfd8                _global_impure_ptr
 .rodata._printf_float.str1.1
                0x000000000800dfdc       0x12 c:/st/stm32cubeide_1.4.0/stm32cubeide/plugins/com.st.stm32cube.ide.mcu.externaltools.gnu-tools-for-stm32.9-2020-q2-update.win32_1.5.0.202011040924/tools/bin/../lib/gcc/arm-none-eabi/9.3.1/../../../../arm-none-eabi/lib/thumb/v7e-m+fp/hard\libc_nano.a(lib_a-nano-vfprintf_float.o)
 .rodata._printf_i.str1.1
                0x000000000800dfee       0x22 c:/st/stm32cubeide_1.4.0/stm32cubeide/plugins/com.st.stm32cube.ide.mcu.externaltools.gnu-tools-for-stm32.9-2020-q2-update.win32_1.5.0.202011040924/tools/bin/../lib/gcc/arm-none-eabi/9.3.1/../../../../arm-none-eabi/lib/thumb/v7e-m+fp/hard\libc_nano.a(lib_a-nano-vfprintf_i.o)
 .rodata.strtok.str1.1
                0x000000000800e010       0x78 c:/st/stm32cubeide_1.4.0/stm32cubeide/plugins/com.st.stm32cube.ide.mcu.externaltools.gnu-tools-for-stm32.9-2020-q2-update.win32_1.5.0.202011040924/tools/bin/../lib/gcc/arm-none-eabi/9.3.1/../../../../arm-none-eabi/lib/thumb/v7e-m+fp/hard\libc_nano.a(lib_a-strtok.o)
 .rodata.__assert_func.str1.1
                0x000000000800e088       0x3c c:/st/stm32cubeide_1.4.0/stm32cubeide/plugins/com.st.stm32cube.ide.mcu.externaltools.gnu-tools-for-stm32.9-2020-q2-update.win32_1.5.0.202011040924/tools/bin/../lib/gcc/arm-none-eabi/9.3.1/../../../../arm-none-eabi/lib/thumb/v7e-m+fp/hard\libc_nano.a(lib_a-assert.o)
                                         0x3d (size before relaxing)
 .rodata._dtoa_r.str1.1
                0x000000000800e0c4       0x7d c:/st/stm32cubeide_1.4.0/stm32cubeide/plugins/com.st.stm32cube.ide.mcu.externaltools.gnu-tools-for-stm32.9-2020-q2-update.win32_1.5.0.202011040924/tools/bin/../lib/gcc/arm-none-eabi/9.3.1/../../../../arm-none-eabi/lib/thumb/v7e-m+fp/hard\libc_nano.a(lib_a-dtoa.o)
                                         0x96 (size before relaxing)
 .rodata._Balloc.str1.1