utils.c:6:6:HAL_ADC_ConvCpltCallback	16	static
utils.c:11:6:blink	24	static
utils.c:25:6:on_pc13	8	static
utils.c:30:6:off_pc13	8	static
utils.c:35:6:on_pc15	8	static
utils.c:41:6:off_pc15	8	static
utils.c:46:6:set_adc_timer	8	static
utils.c:56:6:set_on_pc13	4	static
utils.c:60:6:set_off_pc13	8	static
utils.c:65:6:set_on_pc15	4	static
utils.c:69:6:set_off_pc15	8	static
utils.c:74:6:set_on_blink	4	static
utils.c:78:6:set_off_blink	8	static
utils.c:83:6:set_cdc_feedback	4	static
utils.c:87:6:set_off_feedback	4	static
utils.c:91:9:feedback	4	static
utils.c:95:6:set_on_adc	8	static
utils.c:100:6:set_off_adc	8	static
utils.c:105:7:get_sense_12V_normalized	8	static
utils.c:110:6:init_hw	8	static
utils.c:116:6:read_config	32	static
utils.c:125:9:validate_config	16	static
utils.c:130:6:write_config	8	static
